[1.161s] Invoking command in '/home/jun/ros2_jazzy/src/simple_mover': DEBUGINFOD_URLS=https://debuginfod.ubuntu.com PYTHONPATH=/home/jun/ros2_jazzy/src/build/simple_mover/prefix_override:/usr/lib/python3/dist-packages/colcon_core/task/python/colcon_distutils_commands:/home/jun/ros2_jazzy/src/install/simple_mover/lib/python3.12/site-packages:${PYTHONPATH} /usr/bin/python3 -W ignore:setup.py install is deprecated -W ignore:easy_install command is deprecated setup.py egg_info --egg-base ../build/simple_mover build --build-base /home/jun/ros2_jazzy/src/build/simple_mover/build install --record /home/jun/ros2_jazzy/src/build/simple_mover/install.log --install-scripts $base/lib/simple_mover --single-version-externally-managed install_data
[1.479s] running egg_info
[1.503s] writing ../build/simple_mover/simple_mover.egg-info/PKG-INFO
[1.503s] writing dependency_links to ../build/simple_mover/simple_mover.egg-info/dependency_links.txt
[1.503s] writing entry points to ../build/simple_mover/simple_mover.egg-info/entry_points.txt
[1.504s] writing requirements to ../build/simple_mover/simple_mover.egg-info/requires.txt
[1.504s] writing top-level names to ../build/simple_mover/simple_mover.egg-info/top_level.txt
[1.550s] reading manifest file '../build/simple_mover/simple_mover.egg-info/SOURCES.txt'
[1.551s] writing manifest file '../build/simple_mover/simple_mover.egg-info/SOURCES.txt'
[1.551s] running build
[1.551s] running build_py
[1.552s] copying simple_mover/forward_kinematik_node.py -> /home/jun/ros2_jazzy/src/build/simple_mover/build/lib/simple_mover
[1.552s] copying simple_mover/mover_node.py -> /home/jun/ros2_jazzy/src/build/simple_mover/build/lib/simple_mover
[1.552s] copying simple_mover/invers_kinematik_node.py -> /home/jun/ros2_jazzy/src/build/simple_mover/build/lib/simple_mover
[1.552s] running install
[1.559s] running install_lib
[1.582s] copying /home/jun/ros2_jazzy/src/build/simple_mover/build/lib/simple_mover/forward_kinematik_node.py -> /home/jun/ros2_jazzy/src/install/simple_mover/lib/python3.12/site-packages/simple_mover
[1.582s] copying /home/jun/ros2_jazzy/src/build/simple_mover/build/lib/simple_mover/mover_node.py -> /home/jun/ros2_jazzy/src/install/simple_mover/lib/python3.12/site-packages/simple_mover
[1.582s] copying /home/jun/ros2_jazzy/src/build/simple_mover/build/lib/simple_mover/invers_kinematik_node.py -> /home/jun/ros2_jazzy/src/install/simple_mover/lib/python3.12/site-packages/simple_mover
[1.583s] byte-compiling /home/jun/ros2_jazzy/src/install/simple_mover/lib/python3.12/site-packages/simple_mover/forward_kinematik_node.py to forward_kinematik_node.cpython-312.pyc
[1.585s] byte-compiling /home/jun/ros2_jazzy/src/install/simple_mover/lib/python3.12/site-packages/simple_mover/mover_node.py to mover_node.cpython-312.pyc
[1.585s] byte-compiling /home/jun/ros2_jazzy/src/install/simple_mover/lib/python3.12/site-packages/simple_mover/invers_kinematik_node.py to invers_kinematik_node.cpython-312.pyc
[1.586s] running install_data
[1.586s] running install_egg_info
[1.610s] removing '/home/jun/ros2_jazzy/src/install/simple_mover/lib/python3.12/site-packages/simple_mover-0.0.0-py3.12.egg-info' (and everything under it)
[1.611s] Copying ../build/simple_mover/simple_mover.egg-info to /home/jun/ros2_jazzy/src/install/simple_mover/lib/python3.12/site-packages/simple_mover-0.0.0-py3.12.egg-info
[1.612s] running install_scripts
[1.764s] Installing mover_node script to /home/jun/ros2_jazzy/src/install/simple_mover/lib/simple_mover
[1.764s] writing list of installed files to '/home/jun/ros2_jazzy/src/build/simple_mover/install.log'
[1.803s] Invoked command in '/home/jun/ros2_jazzy/src/simple_mover' returned '0': DEBUGINFOD_URLS=https://debuginfod.ubuntu.com PYTHONPATH=/home/jun/ros2_jazzy/src/build/simple_mover/prefix_override:/usr/lib/python3/dist-packages/colcon_core/task/python/colcon_distutils_commands:/home/jun/ros2_jazzy/src/install/simple_mover/lib/python3.12/site-packages:${PYTHONPATH} /usr/bin/python3 -W ignore:setup.py install is deprecated -W ignore:easy_install command is deprecated setup.py egg_info --egg-base ../build/simple_mover build --build-base /home/jun/ros2_jazzy/src/build/simple_mover/build install --record /home/jun/ros2_jazzy/src/build/simple_mover/install.log --install-scripts $base/lib/simple_mover --single-version-externally-managed install_data
