running egg_info
writing ../build/simple_mover/simple_mover.egg-info/PKG-INFO
writing dependency_links to ../build/simple_mover/simple_mover.egg-info/dependency_links.txt
writing entry points to ../build/simple_mover/simple_mover.egg-info/entry_points.txt
writing requirements to ../build/simple_mover/simple_mover.egg-info/requires.txt
writing top-level names to ../build/simple_mover/simple_mover.egg-info/top_level.txt
reading manifest file '../build/simple_mover/simple_mover.egg-info/SOURCES.txt'
writing manifest file '../build/simple_mover/simple_mover.egg-info/SOURCES.txt'
running build
running build_py
running install
running install_lib
running install_data
running install_egg_info
removing '/home/jun/ros2_jazzy/src/install/simple_mover/lib/python3.12/site-packages/simple_mover-0.0.0-py3.12.egg-info' (and everything under it)
Copying ../build/simple_mover/simple_mover.egg-info to /home/jun/ros2_jazzy/src/install/simple_mover/lib/python3.12/site-packages/simple_mover-0.0.0-py3.12.egg-info
running install_scripts
Installing forward_kinematic_node script to /home/jun/ros2_jazzy/src/install/simple_mover/lib/simple_mover
Installing inverse_kinematic_node script to /home/jun/ros2_jazzy/src/install/simple_mover/lib/simple_mover
Installing mover_node script to /home/jun/ros2_jazzy/src/install/simple_mover/lib/simple_mover
writing list of installed files to '/home/jun/ros2_jazzy/src/build/simple_mover/install.log'
