running egg_info
creating ../build/simple_mover/simple_mover.egg-info
writing ../build/simple_mover/simple_mover.egg-info/PKG-INFO
writing dependency_links to ../build/simple_mover/simple_mover.egg-info/dependency_links.txt
writing entry points to ../build/simple_mover/simple_mover.egg-info/entry_points.txt
writing requirements to ../build/simple_mover/simple_mover.egg-info/requires.txt
writing top-level names to ../build/simple_mover/simple_mover.egg-info/top_level.txt
writing manifest file '../build/simple_mover/simple_mover.egg-info/SOURCES.txt'
reading manifest file '../build/simple_mover/simple_mover.egg-info/SOURCES.txt'
writing manifest file '../build/simple_mover/simple_mover.egg-info/SOURCES.txt'
running build
running build_py
creating /home/jun/ros2_jazzy/src/build/simple_mover/build
creating /home/jun/ros2_jazzy/src/build/simple_mover/build/lib
creating /home/jun/ros2_jazzy/src/build/simple_mover/build/lib/simple_mover
copying simple_mover/mover_node.py -> /home/jun/ros2_jazzy/src/build/simple_mover/build/lib/simple_mover
copying simple_mover/__init__.py -> /home/jun/ros2_jazzy/src/build/simple_mover/build/lib/simple_mover
running install
running install_lib
creating /home/jun/ros2_jazzy/src/install/simple_mover/lib/python3.12/site-packages/simple_mover
copying /home/jun/ros2_jazzy/src/build/simple_mover/build/lib/simple_mover/mover_node.py -> /home/jun/ros2_jazzy/src/install/simple_mover/lib/python3.12/site-packages/simple_mover
copying /home/jun/ros2_jazzy/src/build/simple_mover/build/lib/simple_mover/__init__.py -> /home/jun/ros2_jazzy/src/install/simple_mover/lib/python3.12/site-packages/simple_mover
byte-compiling /home/jun/ros2_jazzy/src/install/simple_mover/lib/python3.12/site-packages/simple_mover/mover_node.py to mover_node.cpython-312.pyc
byte-compiling /home/jun/ros2_jazzy/src/install/simple_mover/lib/python3.12/site-packages/simple_mover/__init__.py to __init__.cpython-312.pyc
running install_data
creating /home/jun/ros2_jazzy/src/install/simple_mover/share/ament_index
creating /home/jun/ros2_jazzy/src/install/simple_mover/share/ament_index/resource_index
creating /home/jun/ros2_jazzy/src/install/simple_mover/share/ament_index/resource_index/packages
copying resource/simple_mover -> /home/jun/ros2_jazzy/src/install/simple_mover/share/ament_index/resource_index/packages
copying package.xml -> /home/jun/ros2_jazzy/src/install/simple_mover/share/simple_mover
running install_egg_info
Copying ../build/simple_mover/simple_mover.egg-info to /home/jun/ros2_jazzy/src/install/simple_mover/lib/python3.12/site-packages/simple_mover-0.0.0-py3.12.egg-info
running install_scripts
Installing mover_node script to /home/jun/ros2_jazzy/src/install/simple_mover/lib/simple_mover
writing list of installed files to '/home/jun/ros2_jazzy/src/build/simple_mover/install.log'
