-- Install configuration: ""
-- Up-to-date: /home/jun/ros2_jazzy/src/install/robin_description/share/robin_description//urdf
-- Up-to-date: /home/jun/ros2_jazzy/src/install/robin_description/share/robin_description//urdf/common_properties.xacro
-- Up-to-date: /home/jun/ros2_jazzy/src/install/robin_description/share/robin_description//urdf/mobile_base_gazebo.xacro
-- Up-to-date: /home/jun/ros2_jazzy/src/install/robin_description/share/robin_description//urdf/mobile_base.xacro
-- Up-to-date: /home/jun/ros2_jazzy/src/install/robin_description/share/robin_description//urdf/my_robot.urdf.xacro
-- Up-to-date: /home/jun/ros2_jazzy/src/install/robin_description/share/robin_description//launch
-- Up-to-date: /home/jun/ros2_jazzy/src/install/robin_description/share/robin_description//launch/display.launch.py
-- Up-to-date: /home/jun/ros2_jazzy/src/install/robin_description/share/robin_description//launch/display.launch.xml
-- Up-to-date: /home/jun/ros2_jazzy/src/install/robin_description/share/robin_description//rviz
-- Up-to-date: /home/jun/ros2_jazzy/src/install/robin_description/share/robin_description//rviz/urdf_config.rviz
-- Up-to-date: /home/jun/ros2_jazzy/src/install/robin_description/share/ament_index/resource_index/package_run_dependencies/robin_description
-- Up-to-date: /home/jun/ros2_jazzy/src/install/robin_description/share/ament_index/resource_index/parent_prefix_path/robin_description
-- Up-to-date: /home/jun/ros2_jazzy/src/install/robin_description/share/robin_description/environment/ament_prefix_path.sh
-- Up-to-date: /home/jun/ros2_jazzy/src/install/robin_description/share/robin_description/environment/ament_prefix_path.dsv
-- Up-to-date: /home/jun/ros2_jazzy/src/install/robin_description/share/robin_description/environment/path.sh
-- Up-to-date: /home/jun/ros2_jazzy/src/install/robin_description/share/robin_description/environment/path.dsv
-- Up-to-date: /home/jun/ros2_jazzy/src/install/robin_description/share/robin_description/local_setup.bash
-- Up-to-date: /home/jun/ros2_jazzy/src/install/robin_description/share/robin_description/local_setup.sh
-- Up-to-date: /home/jun/ros2_jazzy/src/install/robin_description/share/robin_description/local_setup.zsh
-- Up-to-date: /home/jun/ros2_jazzy/src/install/robin_description/share/robin_description/local_setup.dsv
-- Installing: /home/jun/ros2_jazzy/src/install/robin_description/share/robin_description/package.dsv
-- Up-to-date: /home/jun/ros2_jazzy/src/install/robin_description/share/ament_index/resource_index/packages/robin_description
-- Up-to-date: /home/jun/ros2_jazzy/src/install/robin_description/share/robin_description/cmake/robin_descriptionConfig.cmake
-- Up-to-date: /home/jun/ros2_jazzy/src/install/robin_description/share/robin_description/cmake/robin_descriptionConfig-version.cmake
-- Up-to-date: /home/jun/ros2_jazzy/src/install/robin_description/share/robin_description/package.xml
