[0.124s] DEBUG:colcon:Command line arguments: ['/usr/bin/colcon', 'build']
[0.124s] DEBUG:colcon:Parsed command line arguments: Namespace(log_base=None, log_level=None, verb_name='build', build_base='build', install_base='install', merge_install=False, symlink_install=False, test_result_base=None, continue_on_error=False, executor='parallel', parallel_workers=12, event_handlers=None, ignore_user_meta=False, metas=['./colcon.meta'], base_paths=['.'], packages_ignore=None, packages_ignore_regex=None, paths=None, packages_up_to=None, packages_up_to_regex=None, packages_above=None, packages_above_and_dependencies=None, packages_above_depth=None, packages_select_by_dep=None, packages_skip_by_dep=None, packages_skip_up_to=None, packages_select_build_failed=False, packages_skip_build_finished=False, packages_select_test_failures=False, packages_skip_test_passed=False, packages_select=None, packages_skip=None, packages_select_regex=None, packages_skip_regex=None, packages_start=None, packages_end=None, allow_overriding=[], cmake_args=None, cmake_target=None, cmake_target_skip_unavailable=False, cmake_clean_cache=False, cmake_clean_first=False, cmake_force_configure=False, ament_cmake_args=None, catkin_cmake_args=None, catkin_skip_building_tests=False, mixin_files=None, mixin=None, verb_parser=<colcon_mixin.mixin.mixin_argument.MixinArgumentDecorator object at 0x733004855ee0>, verb_extension=<colcon_core.verb.build.BuildVerb object at 0x733003b99130>, main=<bound method BuildVerb.main of <colcon_core.verb.build.BuildVerb object at 0x733003b99130>>, mixin_verb=('build',))
[0.168s] Level 1:colcon.colcon_core.package_discovery:discover_packages(colcon_meta) check parameters
[0.169s] Level 1:colcon.colcon_core.package_discovery:discover_packages(recursive) check parameters
[0.169s] Level 1:colcon.colcon_core.package_discovery:discover_packages(ignore) check parameters
[0.169s] Level 1:colcon.colcon_core.package_discovery:discover_packages(path) check parameters
[0.169s] Level 1:colcon.colcon_core.package_discovery:discover_packages(colcon_meta) discover
[0.169s] Level 1:colcon.colcon_core.package_discovery:discover_packages(recursive) discover
[0.169s] INFO:colcon.colcon_core.package_discovery:Crawling recursively for packages in '/home/jun/ros2_jazzy/src/simple_mover'
[0.169s] Level 1:colcon.colcon_core.package_identification:_identify(.) by extensions ['ignore', 'ignore_ament_install']
[0.169s] Level 1:colcon.colcon_core.package_identification:_identify(.) by extension 'ignore'
[0.169s] Level 1:colcon.colcon_core.package_identification:_identify(.) by extension 'ignore_ament_install'
[0.169s] Level 1:colcon.colcon_core.package_identification:_identify(.) by extensions ['colcon_pkg']
[0.169s] Level 1:colcon.colcon_core.package_identification:_identify(.) by extension 'colcon_pkg'
[0.169s] Level 1:colcon.colcon_core.package_identification:_identify(.) by extensions ['colcon_meta']
[0.169s] Level 1:colcon.colcon_core.package_identification:_identify(.) by extension 'colcon_meta'
[0.169s] Level 1:colcon.colcon_core.package_identification:_identify(.) by extensions ['ros']
[0.169s] Level 1:colcon.colcon_core.package_identification:_identify(.) by extension 'ros'
[0.200s] DEBUG:colcon.colcon_core.package_identification:Package '.' with type 'ros.ament_python' and name 'simple_mover'
[0.200s] Level 1:colcon.colcon_core.package_discovery:discover_packages(recursive) using defaults
[0.200s] Level 1:colcon.colcon_core.package_discovery:discover_packages(ignore) discover
[0.200s] Level 1:colcon.colcon_core.package_discovery:discover_packages(ignore) using defaults
[0.200s] Level 1:colcon.colcon_core.package_discovery:discover_packages(path) discover
[0.200s] Level 1:colcon.colcon_core.package_discovery:discover_packages(path) using defaults
[0.218s] Level 1:colcon.colcon_core.package_discovery:discover_packages(prefix_path) check parameters
[0.218s] Level 1:colcon.colcon_core.package_discovery:discover_packages(prefix_path) discover
[0.221s] DEBUG:colcon.colcon_installed_package_information.package_discovery:Found 3 installed packages in /home/jun/ros2_jazzy/install
[0.223s] DEBUG:colcon.colcon_installed_package_information.package_discovery:Found 310 installed packages in /opt/ros/jazzy
[0.225s] Level 1:colcon.colcon_core.package_discovery:discover_packages(prefix_path) using defaults
[0.274s] Level 5:colcon.colcon_core.verb:set package 'simple_mover' build argument 'cmake_args' from command line to 'None'
[0.274s] Level 5:colcon.colcon_core.verb:set package 'simple_mover' build argument 'cmake_target' from command line to 'None'
[0.274s] Level 5:colcon.colcon_core.verb:set package 'simple_mover' build argument 'cmake_target_skip_unavailable' from command line to 'False'
[0.274s] Level 5:colcon.colcon_core.verb:set package 'simple_mover' build argument 'cmake_clean_cache' from command line to 'False'
[0.274s] Level 5:colcon.colcon_core.verb:set package 'simple_mover' build argument 'cmake_clean_first' from command line to 'False'
[0.274s] Level 5:colcon.colcon_core.verb:set package 'simple_mover' build argument 'cmake_force_configure' from command line to 'False'
[0.274s] Level 5:colcon.colcon_core.verb:set package 'simple_mover' build argument 'ament_cmake_args' from command line to 'None'
[0.274s] Level 5:colcon.colcon_core.verb:set package 'simple_mover' build argument 'catkin_cmake_args' from command line to 'None'
[0.274s] Level 5:colcon.colcon_core.verb:set package 'simple_mover' build argument 'catkin_skip_building_tests' from command line to 'False'
[0.274s] DEBUG:colcon.colcon_core.verb:Building package 'simple_mover' with the following arguments: {'ament_cmake_args': None, 'build_base': '/home/jun/ros2_jazzy/src/simple_mover/build/simple_mover', 'catkin_cmake_args': None, 'catkin_skip_building_tests': False, 'cmake_args': None, 'cmake_clean_cache': False, 'cmake_clean_first': False, 'cmake_force_configure': False, 'cmake_target': None, 'cmake_target_skip_unavailable': False, 'install_base': '/home/jun/ros2_jazzy/src/simple_mover/install/simple_mover', 'merge_install': False, 'path': '/home/jun/ros2_jazzy/src/simple_mover', 'symlink_install': False, 'test_result_base': None}
[0.274s] INFO:colcon.colcon_core.executor:Executing jobs using 'parallel' executor
[0.275s] DEBUG:colcon.colcon_parallel_executor.executor.parallel:run_until_complete
[0.275s] INFO:colcon.colcon_ros.task.ament_python.build:Building ROS package in '/home/jun/ros2_jazzy/src/simple_mover' with build type 'ament_python'
[0.275s] Level 1:colcon.colcon_core.shell:create_environment_hook('simple_mover', 'ament_prefix_path')
[0.278s] INFO:colcon.colcon_core.plugin_system:Skipping extension 'colcon_core.shell.bat': Not used on non-Windows systems
[0.278s] INFO:colcon.colcon_core.shell:Creating environment hook '/home/jun/ros2_jazzy/src/simple_mover/install/simple_mover/share/simple_mover/hook/ament_prefix_path.ps1'
[0.279s] INFO:colcon.colcon_core.shell:Creating environment descriptor '/home/jun/ros2_jazzy/src/simple_mover/install/simple_mover/share/simple_mover/hook/ament_prefix_path.dsv'
[0.279s] INFO:colcon.colcon_core.shell:Creating environment hook '/home/jun/ros2_jazzy/src/simple_mover/install/simple_mover/share/simple_mover/hook/ament_prefix_path.sh'
[0.280s] INFO:colcon.colcon_core.shell:Skip shell extension 'powershell' for command environment: Not usable outside of PowerShell
[0.280s] DEBUG:colcon.colcon_core.shell:Skip shell extension 'dsv' for command environment
[0.527s] INFO:colcon.colcon_core.task.python.build:Building Python package in '/home/jun/ros2_jazzy/src/simple_mover'
[0.528s] INFO:colcon.colcon_core.shell:Skip shell extension 'powershell' for command environment: Not usable outside of PowerShell
[0.528s] DEBUG:colcon.colcon_core.shell:Skip shell extension 'dsv' for command environment
[1.223s] DEBUG:colcon.colcon_core.task.python.build:Available setuptools commands: bdist, symlink_data, compile_catalog, develop, bdist_wheel, extract_messages, pytest, saveopts, setopt, install, test, sdist, update_catalog, egg_info, easy_install, install_headers, build_py, register, ptr, bdist_rpm, clean, install_scripts, build_ext, bdist_dumb, init_catalog, upload_docs, build, editable_wheel, install_data, install_lib, install_egg_info, bdist_egg, build_scripts, build_clib, dist_info, rotate, check, upload, alias
[1.226s] DEBUG:colcon.colcon_core.event_handler.log_command:Invoking command in '/home/jun/ros2_jazzy/src/simple_mover': DEBUGINFOD_URLS=https://debuginfod.ubuntu.com PYTHONPATH=/home/jun/ros2_jazzy/src/simple_mover/build/simple_mover/prefix_override:/usr/lib/python3/dist-packages/colcon_core/task/python/colcon_distutils_commands:/home/jun/ros2_jazzy/src/simple_mover/install/simple_mover/lib/python3.12/site-packages:${PYTHONPATH} /usr/bin/python3 -W ignore:setup.py install is deprecated -W ignore:easy_install command is deprecated setup.py egg_info --egg-base build/simple_mover build --build-base /home/jun/ros2_jazzy/src/simple_mover/build/simple_mover/build install --record /home/jun/ros2_jazzy/src/simple_mover/build/simple_mover/install.log --install-scripts $base/lib/simple_mover --single-version-externally-managed install_data
[1.883s] DEBUG:colcon.colcon_core.event_handler.log_command:Invoked command in '/home/jun/ros2_jazzy/src/simple_mover' returned '0': DEBUGINFOD_URLS=https://debuginfod.ubuntu.com PYTHONPATH=/home/jun/ros2_jazzy/src/simple_mover/build/simple_mover/prefix_override:/usr/lib/python3/dist-packages/colcon_core/task/python/colcon_distutils_commands:/home/jun/ros2_jazzy/src/simple_mover/install/simple_mover/lib/python3.12/site-packages:${PYTHONPATH} /usr/bin/python3 -W ignore:setup.py install is deprecated -W ignore:easy_install command is deprecated setup.py egg_info --egg-base build/simple_mover build --build-base /home/jun/ros2_jazzy/src/simple_mover/build/simple_mover/build install --record /home/jun/ros2_jazzy/src/simple_mover/build/simple_mover/install.log --install-scripts $base/lib/simple_mover --single-version-externally-managed install_data
[1.885s] Level 1:colcon.colcon_core.environment:checking '/home/jun/ros2_jazzy/src/simple_mover/install/simple_mover' for CMake module files
[1.886s] Level 1:colcon.colcon_core.environment:checking '/home/jun/ros2_jazzy/src/simple_mover/install/simple_mover' for CMake config files
[1.887s] Level 1:colcon.colcon_core.environment:checking '/home/jun/ros2_jazzy/src/simple_mover/install/simple_mover/lib'
[1.887s] Level 1:colcon.colcon_core.environment:checking '/home/jun/ros2_jazzy/src/simple_mover/install/simple_mover/bin'
[1.887s] Level 1:colcon.colcon_core.environment:checking '/home/jun/ros2_jazzy/src/simple_mover/install/simple_mover/lib/pkgconfig/simple_mover.pc'
[1.887s] Level 1:colcon.colcon_core.environment:checking '/home/jun/ros2_jazzy/src/simple_mover/install/simple_mover/lib/python3.12/site-packages'
[1.887s] Level 1:colcon.colcon_core.shell:create_environment_hook('simple_mover', 'pythonpath')
[1.888s] INFO:colcon.colcon_core.shell:Creating environment hook '/home/jun/ros2_jazzy/src/simple_mover/install/simple_mover/share/simple_mover/hook/pythonpath.ps1'
[1.888s] INFO:colcon.colcon_core.shell:Creating environment descriptor '/home/jun/ros2_jazzy/src/simple_mover/install/simple_mover/share/simple_mover/hook/pythonpath.dsv'
[1.888s] INFO:colcon.colcon_core.shell:Creating environment hook '/home/jun/ros2_jazzy/src/simple_mover/install/simple_mover/share/simple_mover/hook/pythonpath.sh'
[1.889s] Level 1:colcon.colcon_core.environment:checking '/home/jun/ros2_jazzy/src/simple_mover/install/simple_mover/bin'
[1.889s] Level 1:colcon.colcon_core.environment:create_environment_scripts_only(simple_mover)
[1.889s] INFO:colcon.colcon_core.shell:Creating package script '/home/jun/ros2_jazzy/src/simple_mover/install/simple_mover/share/simple_mover/package.ps1'
[1.890s] INFO:colcon.colcon_core.shell:Creating package descriptor '/home/jun/ros2_jazzy/src/simple_mover/install/simple_mover/share/simple_mover/package.dsv'
[1.891s] INFO:colcon.colcon_core.shell:Creating package script '/home/jun/ros2_jazzy/src/simple_mover/install/simple_mover/share/simple_mover/package.sh'
[1.892s] INFO:colcon.colcon_core.shell:Creating package script '/home/jun/ros2_jazzy/src/simple_mover/install/simple_mover/share/simple_mover/package.bash'
[1.892s] INFO:colcon.colcon_core.shell:Creating package script '/home/jun/ros2_jazzy/src/simple_mover/install/simple_mover/share/simple_mover/package.zsh'
[1.893s] Level 1:colcon.colcon_core.environment:create_file_with_runtime_dependencies(/home/jun/ros2_jazzy/src/simple_mover/install/simple_mover/share/colcon-core/packages/simple_mover)
[1.893s] DEBUG:colcon.colcon_parallel_executor.executor.parallel:closing loop
[1.894s] DEBUG:colcon.colcon_parallel_executor.executor.parallel:loop closed
[1.894s] DEBUG:colcon.colcon_parallel_executor.executor.parallel:run_until_complete finished with '0'
[1.894s] DEBUG:colcon.colcon_core.event_reactor:joining thread
[1.901s] INFO:colcon.colcon_core.plugin_system:Skipping extension 'colcon_notification.desktop_notification.terminal_notifier': Not used on non-Darwin systems
[1.901s] INFO:colcon.colcon_core.plugin_system:Skipping extension 'colcon_notification.desktop_notification.win32': Not used on non-Windows systems
[1.901s] INFO:colcon.colcon_notification.desktop_notification:Sending desktop notification using 'notify2'
[1.916s] DEBUG:colcon.colcon_core.event_reactor:joined thread
[1.916s] INFO:colcon.colcon_core.shell:Creating prefix script '/home/jun/ros2_jazzy/src/simple_mover/install/local_setup.ps1'
[1.918s] INFO:colcon.colcon_core.shell:Creating prefix util module '/home/jun/ros2_jazzy/src/simple_mover/install/_local_setup_util_ps1.py'
[1.919s] INFO:colcon.colcon_core.shell:Creating prefix chain script '/home/jun/ros2_jazzy/src/simple_mover/install/setup.ps1'
[1.920s] INFO:colcon.colcon_core.shell:Creating prefix script '/home/jun/ros2_jazzy/src/simple_mover/install/local_setup.sh'
[1.920s] INFO:colcon.colcon_core.shell:Creating prefix util module '/home/jun/ros2_jazzy/src/simple_mover/install/_local_setup_util_sh.py'
[1.921s] INFO:colcon.colcon_core.shell:Creating prefix chain script '/home/jun/ros2_jazzy/src/simple_mover/install/setup.sh'
[1.922s] INFO:colcon.colcon_core.shell:Creating prefix script '/home/jun/ros2_jazzy/src/simple_mover/install/local_setup.bash'
[1.923s] INFO:colcon.colcon_core.shell:Creating prefix chain script '/home/jun/ros2_jazzy/src/simple_mover/install/setup.bash'
[1.924s] INFO:colcon.colcon_core.shell:Creating prefix script '/home/jun/ros2_jazzy/src/simple_mover/install/local_setup.zsh'
[1.924s] INFO:colcon.colcon_core.shell:Creating prefix chain script '/home/jun/ros2_jazzy/src/simple_mover/install/setup.zsh'
