-- The C compiler identification is GNU 13.3.0
-- The CXX compiler identification is GNU 13.3.0
-- Detecting C compiler ABI info
-- Detecting C compiler ABI info - done
-- Check for working C compiler: /usr/bin/cc - skipped
-- Detecting C compile features
-- Detecting C compile features - done
-- Detecting CXX compiler ABI info
-- Detecting CXX compiler ABI info - done
-- Check for working CXX compiler: /usr/bin/c++ - skipped
-- Detecting CXX compile features
-- Detecting CXX compile features - done
-- Found ament_cmake: 2.5.6 (/opt/ros/jazzy/share/ament_cmake/cmake)
-- Found Python3: /usr/bin/python3 (found version "3.12.3") found components: Interpreter 
-- Configuring done (0.8s)
-- Generating done (0.0s)
-- Build files have been written to: /home/jun/ros2_jazzy/src/build/robin_description
-- Found ament_cmake: 2.5.6 (/opt/ros/jazzy/share/ament_cmake/cmake)
-- Configuring done (0.3s)
-- Generating done (0.0s)
-- Build files have been written to: /home/jun/ros2_jazzy/src/build/robin_description
-- Install configuration: ""
-- Installing: /home/jun/ros2_jazzy/src/install/robin_description/share/robin_description//urdf
-- Installing: /home/jun/ros2_jazzy/src/install/robin_description/share/robin_description//urdf/common_properties.xacro
-- Installing: /home/jun/ros2_jazzy/src/install/robin_description/share/robin_description//urdf/mobile_base_gazebo.xacro
-- Installing: /home/jun/ros2_jazzy/src/install/robin_description/share/robin_description//urdf/mobile_base.xacro
-- Installing: /home/jun/ros2_jazzy/src/install/robin_description/share/robin_description//urdf/my_robot.urdf.xacro
-- Installing: /home/jun/ros2_jazzy/src/install/robin_description/share/robin_description//launch
-- Installing: /home/jun/ros2_jazzy/src/install/robin_description/share/robin_description//launch/display.launch.py
-- Installing: /home/jun/ros2_jazzy/src/install/robin_description/share/robin_description//launch/display.launch.xml
-- Installing: /home/jun/ros2_jazzy/src/install/robin_description/share/robin_description//rviz
-- Installing: /home/jun/ros2_jazzy/src/install/robin_description/share/robin_description//rviz/urdf_config.rviz
-- Installing: /home/jun/ros2_jazzy/src/install/robin_description/share/ament_index/resource_index/package_run_dependencies/robin_description
-- Installing: /home/jun/ros2_jazzy/src/install/robin_description/share/ament_index/resource_index/parent_prefix_path/robin_description
-- Installing: /home/jun/ros2_jazzy/src/install/robin_description/share/robin_description/environment/ament_prefix_path.sh
-- Installing: /home/jun/ros2_jazzy/src/install/robin_description/share/robin_description/environment/ament_prefix_path.dsv
-- Installing: /home/jun/ros2_jazzy/src/install/robin_description/share/robin_description/environment/path.sh
-- Installing: /home/jun/ros2_jazzy/src/install/robin_description/share/robin_description/environment/path.dsv
-- Installing: /home/jun/ros2_jazzy/src/install/robin_description/share/robin_description/local_setup.bash
-- Installing: /home/jun/ros2_jazzy/src/install/robin_description/share/robin_description/local_setup.sh
-- Installing: /home/jun/ros2_jazzy/src/install/robin_description/share/robin_description/local_setup.zsh
-- Installing: /home/jun/ros2_jazzy/src/install/robin_description/share/robin_description/local_setup.dsv
-- Installing: /home/jun/ros2_jazzy/src/install/robin_description/share/robin_description/package.dsv
-- Installing: /home/jun/ros2_jazzy/src/install/robin_description/share/ament_index/resource_index/packages/robin_description
-- Installing: /home/jun/ros2_jazzy/src/install/robin_description/share/robin_description/cmake/robin_descriptionConfig.cmake
-- Installing: /home/jun/ros2_jazzy/src/install/robin_description/share/robin_description/cmake/robin_descriptionConfig-version.cmake
-- Installing: /home/jun/ros2_jazzy/src/install/robin_description/share/robin_description/package.xml
