[0.122s] DEBUG:colcon:Command line arguments: ['/usr/bin/colcon', 'build']
[0.122s] DEBUG:colcon:Parsed command line arguments: Namespace(log_base=None, log_level=None, verb_name='build', build_base='build', install_base='install', merge_install=False, symlink_install=False, test_result_base=None, continue_on_error=False, executor='parallel', parallel_workers=12, event_handlers=None, ignore_user_meta=False, metas=['./colcon.meta'], base_paths=['.'], packages_ignore=None, packages_ignore_regex=None, paths=None, packages_up_to=None, packages_up_to_regex=None, packages_above=None, packages_above_and_dependencies=None, packages_above_depth=None, packages_select_by_dep=None, packages_skip_by_dep=None, packages_skip_up_to=None, packages_select_build_failed=False, packages_skip_build_finished=False, packages_select_test_failures=False, packages_skip_test_passed=False, packages_select=None, packages_skip=None, packages_select_regex=None, packages_skip_regex=None, packages_start=None, packages_end=None, allow_overriding=[], cmake_args=None, cmake_target=None, cmake_target_skip_unavailable=False, cmake_clean_cache=False, cmake_clean_first=False, cmake_force_configure=False, ament_cmake_args=None, catkin_cmake_args=None, catkin_skip_building_tests=False, mixin_files=None, mixin=None, verb_parser=<colcon_mixin.mixin.mixin_argument.MixinArgumentDecorator object at 0x7b185e255ee0>, verb_extension=<colcon_core.verb.build.BuildVerb object at 0x7b185d599130>, main=<bound method BuildVerb.main of <colcon_core.verb.build.BuildVerb object at 0x7b185d599130>>, mixin_verb=('build',))
[0.162s] Level 1:colcon.colcon_core.package_discovery:discover_packages(colcon_meta) check parameters
[0.162s] Level 1:colcon.colcon_core.package_discovery:discover_packages(recursive) check parameters
[0.162s] Level 1:colcon.colcon_core.package_discovery:discover_packages(ignore) check parameters
[0.162s] Level 1:colcon.colcon_core.package_discovery:discover_packages(path) check parameters
[0.162s] Level 1:colcon.colcon_core.package_discovery:discover_packages(colcon_meta) discover
[0.162s] Level 1:colcon.colcon_core.package_discovery:discover_packages(recursive) discover
[0.162s] INFO:colcon.colcon_core.package_discovery:Crawling recursively for packages in '/home/jun/ros2_jazzy/src'
[0.162s] Level 1:colcon.colcon_core.package_identification:_identify(.) by extensions ['ignore', 'ignore_ament_install']
[0.163s] Level 1:colcon.colcon_core.package_identification:_identify(.) by extension 'ignore'
[0.163s] Level 1:colcon.colcon_core.package_identification:_identify(.) by extension 'ignore_ament_install'
[0.163s] Level 1:colcon.colcon_core.package_identification:_identify(.) by extensions ['colcon_pkg']
[0.163s] Level 1:colcon.colcon_core.package_identification:_identify(.) by extension 'colcon_pkg'
[0.163s] Level 1:colcon.colcon_core.package_identification:_identify(.) by extensions ['colcon_meta']
[0.163s] Level 1:colcon.colcon_core.package_identification:_identify(.) by extension 'colcon_meta'
[0.163s] Level 1:colcon.colcon_core.package_identification:_identify(.) by extensions ['ros']
[0.163s] Level 1:colcon.colcon_core.package_identification:_identify(.) by extension 'ros'
[0.189s] Level 1:colcon.colcon_core.package_identification:_identify(.) by extensions ['cmake', 'python']
[0.189s] Level 1:colcon.colcon_core.package_identification:_identify(.) by extension 'cmake'
[0.189s] Level 1:colcon.colcon_core.package_identification:_identify(.) by extension 'python'
[0.189s] Level 1:colcon.colcon_core.package_identification:_identify(.) by extensions ['python_setup_py']
[0.189s] Level 1:colcon.colcon_core.package_identification:_identify(.) by extension 'python_setup_py'
[0.189s] Level 1:colcon.colcon_core.package_identification:_identify(build) by extensions ['ignore', 'ignore_ament_install']
[0.189s] Level 1:colcon.colcon_core.package_identification:_identify(build) by extension 'ignore'
[0.189s] Level 1:colcon.colcon_core.package_identification:_identify(build) ignored
[0.190s] Level 1:colcon.colcon_core.package_identification:_identify(install) by extensions ['ignore', 'ignore_ament_install']
[0.190s] Level 1:colcon.colcon_core.package_identification:_identify(install) by extension 'ignore'
[0.190s] Level 1:colcon.colcon_core.package_identification:_identify(install) ignored
[0.190s] Level 1:colcon.colcon_core.package_identification:_identify(log) by extensions ['ignore', 'ignore_ament_install']
[0.190s] Level 1:colcon.colcon_core.package_identification:_identify(log) by extension 'ignore'
[0.190s] Level 1:colcon.colcon_core.package_identification:_identify(log) ignored
[0.190s] Level 1:colcon.colcon_core.package_identification:_identify(robin_bringup) by extensions ['ignore', 'ignore_ament_install']
[0.190s] Level 1:colcon.colcon_core.package_identification:_identify(robin_bringup) by extension 'ignore'
[0.190s] Level 1:colcon.colcon_core.package_identification:_identify(robin_bringup) by extension 'ignore_ament_install'
[0.190s] Level 1:colcon.colcon_core.package_identification:_identify(robin_bringup) by extensions ['colcon_pkg']
[0.190s] Level 1:colcon.colcon_core.package_identification:_identify(robin_bringup) by extension 'colcon_pkg'
[0.190s] Level 1:colcon.colcon_core.package_identification:_identify(robin_bringup) by extensions ['colcon_meta']
[0.190s] Level 1:colcon.colcon_core.package_identification:_identify(robin_bringup) by extension 'colcon_meta'
[0.190s] Level 1:colcon.colcon_core.package_identification:_identify(robin_bringup) by extensions ['ros']
[0.190s] Level 1:colcon.colcon_core.package_identification:_identify(robin_bringup) by extension 'ros'
[0.192s] DEBUG:colcon.colcon_core.package_identification:Package 'robin_bringup' with type 'ros.ament_cmake' and name 'robin_bringup'
[0.193s] Level 1:colcon.colcon_core.package_identification:_identify(robin_description) by extensions ['ignore', 'ignore_ament_install']
[0.193s] Level 1:colcon.colcon_core.package_identification:_identify(robin_description) by extension 'ignore'
[0.193s] Level 1:colcon.colcon_core.package_identification:_identify(robin_description) by extension 'ignore_ament_install'
[0.193s] Level 1:colcon.colcon_core.package_identification:_identify(robin_description) by extensions ['colcon_pkg']
[0.193s] Level 1:colcon.colcon_core.package_identification:_identify(robin_description) by extension 'colcon_pkg'
[0.193s] Level 1:colcon.colcon_core.package_identification:_identify(robin_description) by extensions ['colcon_meta']
[0.193s] Level 1:colcon.colcon_core.package_identification:_identify(robin_description) by extension 'colcon_meta'
[0.193s] Level 1:colcon.colcon_core.package_identification:_identify(robin_description) by extensions ['ros']
[0.193s] Level 1:colcon.colcon_core.package_identification:_identify(robin_description) by extension 'ros'
[0.194s] DEBUG:colcon.colcon_core.package_identification:Package 'robin_description' with type 'ros.ament_cmake' and name 'robin_description'
[0.194s] Level 1:colcon.colcon_core.package_identification:_identify(simple_mover) by extensions ['ignore', 'ignore_ament_install']
[0.194s] Level 1:colcon.colcon_core.package_identification:_identify(simple_mover) by extension 'ignore'
[0.194s] Level 1:colcon.colcon_core.package_identification:_identify(simple_mover) by extension 'ignore_ament_install'
[0.194s] Level 1:colcon.colcon_core.package_identification:_identify(simple_mover) by extensions ['colcon_pkg']
[0.194s] Level 1:colcon.colcon_core.package_identification:_identify(simple_mover) by extension 'colcon_pkg'
[0.194s] Level 1:colcon.colcon_core.package_identification:_identify(simple_mover) by extensions ['colcon_meta']
[0.194s] Level 1:colcon.colcon_core.package_identification:_identify(simple_mover) by extension 'colcon_meta'
[0.194s] Level 1:colcon.colcon_core.package_identification:_identify(simple_mover) by extensions ['ros']
[0.194s] Level 1:colcon.colcon_core.package_identification:_identify(simple_mover) by extension 'ros'
[0.195s] DEBUG:colcon.colcon_core.package_identification:Package 'simple_mover' with type 'ros.ament_python' and name 'simple_mover'
[0.195s] Level 1:colcon.colcon_core.package_discovery:discover_packages(recursive) using defaults
[0.195s] Level 1:colcon.colcon_core.package_discovery:discover_packages(ignore) discover
[0.195s] Level 1:colcon.colcon_core.package_discovery:discover_packages(ignore) using defaults
[0.195s] Level 1:colcon.colcon_core.package_discovery:discover_packages(path) discover
[0.195s] Level 1:colcon.colcon_core.package_discovery:discover_packages(path) using defaults
[0.215s] Level 1:colcon.colcon_core.package_discovery:discover_packages(prefix_path) check parameters
[0.215s] Level 1:colcon.colcon_core.package_discovery:discover_packages(prefix_path) discover
[0.216s] DEBUG:colcon.colcon_installed_package_information.package_discovery:Found 3 installed packages in /home/jun/ros2_jazzy/install
[0.218s] DEBUG:colcon.colcon_installed_package_information.package_discovery:Found 310 installed packages in /opt/ros/jazzy
[0.220s] Level 1:colcon.colcon_core.package_discovery:discover_packages(prefix_path) using defaults
[0.266s] Level 5:colcon.colcon_core.verb:set package 'robin_bringup' build argument 'cmake_args' from command line to 'None'
[0.266s] Level 5:colcon.colcon_core.verb:set package 'robin_bringup' build argument 'cmake_target' from command line to 'None'
[0.266s] Level 5:colcon.colcon_core.verb:set package 'robin_bringup' build argument 'cmake_target_skip_unavailable' from command line to 'False'
[0.266s] Level 5:colcon.colcon_core.verb:set package 'robin_bringup' build argument 'cmake_clean_cache' from command line to 'False'
[0.266s] Level 5:colcon.colcon_core.verb:set package 'robin_bringup' build argument 'cmake_clean_first' from command line to 'False'
[0.266s] Level 5:colcon.colcon_core.verb:set package 'robin_bringup' build argument 'cmake_force_configure' from command line to 'False'
[0.266s] Level 5:colcon.colcon_core.verb:set package 'robin_bringup' build argument 'ament_cmake_args' from command line to 'None'
[0.266s] Level 5:colcon.colcon_core.verb:set package 'robin_bringup' build argument 'catkin_cmake_args' from command line to 'None'
[0.266s] Level 5:colcon.colcon_core.verb:set package 'robin_bringup' build argument 'catkin_skip_building_tests' from command line to 'False'
[0.266s] DEBUG:colcon.colcon_core.verb:Building package 'robin_bringup' with the following arguments: {'ament_cmake_args': None, 'build_base': '/home/jun/ros2_jazzy/src/build/robin_bringup', 'catkin_cmake_args': None, 'catkin_skip_building_tests': False, 'cmake_args': None, 'cmake_clean_cache': False, 'cmake_clean_first': False, 'cmake_force_configure': False, 'cmake_target': None, 'cmake_target_skip_unavailable': False, 'install_base': '/home/jun/ros2_jazzy/src/install/robin_bringup', 'merge_install': False, 'path': '/home/jun/ros2_jazzy/src/robin_bringup', 'symlink_install': False, 'test_result_base': None}
[0.266s] Level 5:colcon.colcon_core.verb:set package 'robin_description' build argument 'cmake_args' from command line to 'None'
[0.266s] Level 5:colcon.colcon_core.verb:set package 'robin_description' build argument 'cmake_target' from command line to 'None'
[0.266s] Level 5:colcon.colcon_core.verb:set package 'robin_description' build argument 'cmake_target_skip_unavailable' from command line to 'False'
[0.266s] Level 5:colcon.colcon_core.verb:set package 'robin_description' build argument 'cmake_clean_cache' from command line to 'False'
[0.266s] Level 5:colcon.colcon_core.verb:set package 'robin_description' build argument 'cmake_clean_first' from command line to 'False'
[0.266s] Level 5:colcon.colcon_core.verb:set package 'robin_description' build argument 'cmake_force_configure' from command line to 'False'
[0.266s] Level 5:colcon.colcon_core.verb:set package 'robin_description' build argument 'ament_cmake_args' from command line to 'None'
[0.266s] Level 5:colcon.colcon_core.verb:set package 'robin_description' build argument 'catkin_cmake_args' from command line to 'None'
[0.266s] Level 5:colcon.colcon_core.verb:set package 'robin_description' build argument 'catkin_skip_building_tests' from command line to 'False'
[0.266s] DEBUG:colcon.colcon_core.verb:Building package 'robin_description' with the following arguments: {'ament_cmake_args': None, 'build_base': '/home/jun/ros2_jazzy/src/build/robin_description', 'catkin_cmake_args': None, 'catkin_skip_building_tests': False, 'cmake_args': None, 'cmake_clean_cache': False, 'cmake_clean_first': False, 'cmake_force_configure': False, 'cmake_target': None, 'cmake_target_skip_unavailable': False, 'install_base': '/home/jun/ros2_jazzy/src/install/robin_description', 'merge_install': False, 'path': '/home/jun/ros2_jazzy/src/robin_description', 'symlink_install': False, 'test_result_base': None}
[0.267s] Level 5:colcon.colcon_core.verb:set package 'simple_mover' build argument 'cmake_args' from command line to 'None'
[0.267s] Level 5:colcon.colcon_core.verb:set package 'simple_mover' build argument 'cmake_target' from command line to 'None'
[0.267s] Level 5:colcon.colcon_core.verb:set package 'simple_mover' build argument 'cmake_target_skip_unavailable' from command line to 'False'
[0.267s] Level 5:colcon.colcon_core.verb:set package 'simple_mover' build argument 'cmake_clean_cache' from command line to 'False'
[0.267s] Level 5:colcon.colcon_core.verb:set package 'simple_mover' build argument 'cmake_clean_first' from command line to 'False'
[0.267s] Level 5:colcon.colcon_core.verb:set package 'simple_mover' build argument 'cmake_force_configure' from command line to 'False'
[0.267s] Level 5:colcon.colcon_core.verb:set package 'simple_mover' build argument 'ament_cmake_args' from command line to 'None'
[0.267s] Level 5:colcon.colcon_core.verb:set package 'simple_mover' build argument 'catkin_cmake_args' from command line to 'None'
[0.267s] Level 5:colcon.colcon_core.verb:set package 'simple_mover' build argument 'catkin_skip_building_tests' from command line to 'False'
[0.267s] DEBUG:colcon.colcon_core.verb:Building package 'simple_mover' with the following arguments: {'ament_cmake_args': None, 'build_base': '/home/jun/ros2_jazzy/src/build/simple_mover', 'catkin_cmake_args': None, 'catkin_skip_building_tests': False, 'cmake_args': None, 'cmake_clean_cache': False, 'cmake_clean_first': False, 'cmake_force_configure': False, 'cmake_target': None, 'cmake_target_skip_unavailable': False, 'install_base': '/home/jun/ros2_jazzy/src/install/simple_mover', 'merge_install': False, 'path': '/home/jun/ros2_jazzy/src/simple_mover', 'symlink_install': False, 'test_result_base': None}
[0.267s] INFO:colcon.colcon_core.executor:Executing jobs using 'parallel' executor
[0.268s] DEBUG:colcon.colcon_parallel_executor.executor.parallel:run_until_complete
[0.268s] INFO:colcon.colcon_ros.task.ament_cmake.build:Building ROS package in '/home/jun/ros2_jazzy/src/robin_bringup' with build type 'ament_cmake'
[0.268s] INFO:colcon.colcon_cmake.task.cmake.build:Building CMake package in '/home/jun/ros2_jazzy/src/robin_bringup'
[0.270s] INFO:colcon.colcon_core.plugin_system:Skipping extension 'colcon_core.shell.bat': Not used on non-Windows systems
[0.270s] INFO:colcon.colcon_core.shell:Skip shell extension 'powershell' for command environment: Not usable outside of PowerShell
[0.270s] DEBUG:colcon.colcon_core.shell:Skip shell extension 'dsv' for command environment
[0.275s] INFO:colcon.colcon_ros.task.ament_cmake.build:Building ROS package in '/home/jun/ros2_jazzy/src/robin_description' with build type 'ament_cmake'
[0.275s] INFO:colcon.colcon_cmake.task.cmake.build:Building CMake package in '/home/jun/ros2_jazzy/src/robin_description'
[0.275s] INFO:colcon.colcon_core.shell:Skip shell extension 'powershell' for command environment: Not usable outside of PowerShell
[0.275s] DEBUG:colcon.colcon_core.shell:Skip shell extension 'dsv' for command environment
[0.278s] INFO:colcon.colcon_ros.task.ament_python.build:Building ROS package in '/home/jun/ros2_jazzy/src/simple_mover' with build type 'ament_python'
[0.279s] Level 1:colcon.colcon_core.shell:create_environment_hook('simple_mover', 'ament_prefix_path')
[0.279s] INFO:colcon.colcon_core.shell:Creating environment hook '/home/jun/ros2_jazzy/src/install/simple_mover/share/simple_mover/hook/ament_prefix_path.ps1'
[0.279s] INFO:colcon.colcon_core.shell:Creating environment descriptor '/home/jun/ros2_jazzy/src/install/simple_mover/share/simple_mover/hook/ament_prefix_path.dsv'
[0.280s] INFO:colcon.colcon_core.shell:Creating environment hook '/home/jun/ros2_jazzy/src/install/simple_mover/share/simple_mover/hook/ament_prefix_path.sh'
[0.280s] INFO:colcon.colcon_core.shell:Skip shell extension 'powershell' for command environment: Not usable outside of PowerShell
[0.280s] DEBUG:colcon.colcon_core.shell:Skip shell extension 'dsv' for command environment
[0.289s] DEBUG:colcon.colcon_core.event_handler.log_command:Invoking command in '/home/jun/ros2_jazzy/src/build/robin_bringup': CMAKE_PREFIX_PATH=${CMAKE_PREFIX_PATH}:/home/jun/ros2_jazzy/install/simple_mover:/opt/ros/jazzy DEBUGINFOD_URLS=https://debuginfod.ubuntu.com /usr/bin/cmake --build /home/jun/ros2_jazzy/src/build/robin_bringup -- -j12 -l12
[0.293s] DEBUG:colcon.colcon_core.event_handler.log_command:Invoking command in '/home/jun/ros2_jazzy/src/build/robin_description': CMAKE_PREFIX_PATH=${CMAKE_PREFIX_PATH}:/home/jun/ros2_jazzy/install/simple_mover:/opt/ros/jazzy DEBUGINFOD_URLS=https://debuginfod.ubuntu.com /usr/bin/cmake --build /home/jun/ros2_jazzy/src/build/robin_description -- -j12 -l12
[0.537s] INFO:colcon.colcon_core.task.python.build:Building Python package in '/home/jun/ros2_jazzy/src/simple_mover'
[0.538s] INFO:colcon.colcon_core.shell:Skip shell extension 'powershell' for command environment: Not usable outside of PowerShell
[0.538s] DEBUG:colcon.colcon_core.shell:Skip shell extension 'dsv' for command environment
[0.543s] DEBUG:colcon.colcon_core.event_handler.log_command:Invoked command in '/home/jun/ros2_jazzy/src/build/robin_description' returned '0': CMAKE_PREFIX_PATH=${CMAKE_PREFIX_PATH}:/home/jun/ros2_jazzy/install/simple_mover:/opt/ros/jazzy DEBUGINFOD_URLS=https://debuginfod.ubuntu.com /usr/bin/cmake --build /home/jun/ros2_jazzy/src/build/robin_description -- -j12 -l12
[0.556s] DEBUG:colcon.colcon_core.event_handler.log_command:Invoking command in '/home/jun/ros2_jazzy/src/build/robin_description': CMAKE_PREFIX_PATH=${CMAKE_PREFIX_PATH}:/home/jun/ros2_jazzy/install/simple_mover:/opt/ros/jazzy DEBUGINFOD_URLS=https://debuginfod.ubuntu.com /usr/bin/cmake --install /home/jun/ros2_jazzy/src/build/robin_description
[0.557s] DEBUG:colcon.colcon_core.event_handler.log_command:Invoked command in '/home/jun/ros2_jazzy/src/build/robin_bringup' returned '0': CMAKE_PREFIX_PATH=${CMAKE_PREFIX_PATH}:/home/jun/ros2_jazzy/install/simple_mover:/opt/ros/jazzy DEBUGINFOD_URLS=https://debuginfod.ubuntu.com /usr/bin/cmake --build /home/jun/ros2_jazzy/src/build/robin_bringup -- -j12 -l12
[0.558s] DEBUG:colcon.colcon_core.event_handler.log_command:Invoking command in '/home/jun/ros2_jazzy/src/build/robin_bringup': CMAKE_PREFIX_PATH=${CMAKE_PREFIX_PATH}:/home/jun/ros2_jazzy/install/simple_mover:/opt/ros/jazzy DEBUGINFOD_URLS=https://debuginfod.ubuntu.com /usr/bin/cmake --install /home/jun/ros2_jazzy/src/build/robin_bringup
[0.572s] Level 1:colcon.colcon_core.environment:create_environment_scripts_only(robin_description)
[0.578s] Level 1:colcon.colcon_core.environment:checking '/home/jun/ros2_jazzy/src/install/robin_description' for CMake module files
[0.578s] DEBUG:colcon.colcon_core.event_handler.log_command:Invoked command in '/home/jun/ros2_jazzy/src/build/robin_description' returned '0': CMAKE_PREFIX_PATH=${CMAKE_PREFIX_PATH}:/home/jun/ros2_jazzy/install/simple_mover:/opt/ros/jazzy DEBUGINFOD_URLS=https://debuginfod.ubuntu.com /usr/bin/cmake --install /home/jun/ros2_jazzy/src/build/robin_description
[0.578s] Level 1:colcon.colcon_core.environment:checking '/home/jun/ros2_jazzy/src/install/robin_description' for CMake config files
[0.578s] Level 1:colcon.colcon_core.shell:create_environment_hook('robin_description', 'cmake_prefix_path')
[0.579s] INFO:colcon.colcon_core.shell:Creating environment hook '/home/jun/ros2_jazzy/src/install/robin_description/share/robin_description/hook/cmake_prefix_path.ps1'
[0.579s] INFO:colcon.colcon_core.shell:Creating environment descriptor '/home/jun/ros2_jazzy/src/install/robin_description/share/robin_description/hook/cmake_prefix_path.dsv'
[0.579s] INFO:colcon.colcon_core.shell:Creating environment hook '/home/jun/ros2_jazzy/src/install/robin_description/share/robin_description/hook/cmake_prefix_path.sh'
[0.580s] Level 1:colcon.colcon_core.environment:checking '/home/jun/ros2_jazzy/src/install/robin_description/bin'
[0.580s] Level 1:colcon.colcon_core.environment:checking '/home/jun/ros2_jazzy/src/install/robin_description/lib/pkgconfig/robin_description.pc'
[0.580s] Level 1:colcon.colcon_core.environment:checking '/home/jun/ros2_jazzy/src/install/robin_description/lib/python3.12/site-packages'
[0.581s] Level 1:colcon.colcon_core.environment:checking '/home/jun/ros2_jazzy/src/install/robin_description/bin'
[0.581s] INFO:colcon.colcon_core.shell:Creating package script '/home/jun/ros2_jazzy/src/install/robin_description/share/robin_description/package.ps1'
[0.582s] INFO:colcon.colcon_core.shell:Creating package descriptor '/home/jun/ros2_jazzy/src/install/robin_description/share/robin_description/package.dsv'
[0.583s] INFO:colcon.colcon_core.shell:Creating package script '/home/jun/ros2_jazzy/src/install/robin_description/share/robin_description/package.sh'
[0.583s] INFO:colcon.colcon_core.shell:Creating package script '/home/jun/ros2_jazzy/src/install/robin_description/share/robin_description/package.bash'
[0.584s] INFO:colcon.colcon_core.shell:Creating package script '/home/jun/ros2_jazzy/src/install/robin_description/share/robin_description/package.zsh'
[0.584s] Level 1:colcon.colcon_core.environment:create_file_with_runtime_dependencies(/home/jun/ros2_jazzy/src/install/robin_description/share/colcon-core/packages/robin_description)
[0.585s] Level 1:colcon.colcon_core.environment:create_environment_scripts_only(robin_description)
[0.585s] Level 1:colcon.colcon_core.environment:checking '/home/jun/ros2_jazzy/src/install/robin_description' for CMake module files
[0.585s] Level 1:colcon.colcon_core.environment:checking '/home/jun/ros2_jazzy/src/install/robin_description' for CMake config files
[0.585s] Level 1:colcon.colcon_core.shell:create_environment_hook('robin_description', 'cmake_prefix_path')
[0.586s] INFO:colcon.colcon_core.shell:Creating environment hook '/home/jun/ros2_jazzy/src/install/robin_description/share/robin_description/hook/cmake_prefix_path.ps1'
[0.586s] INFO:colcon.colcon_core.shell:Creating environment descriptor '/home/jun/ros2_jazzy/src/install/robin_description/share/robin_description/hook/cmake_prefix_path.dsv'
[0.586s] INFO:colcon.colcon_core.shell:Creating environment hook '/home/jun/ros2_jazzy/src/install/robin_description/share/robin_description/hook/cmake_prefix_path.sh'
[0.587s] Level 1:colcon.colcon_core.environment:checking '/home/jun/ros2_jazzy/src/install/robin_description/bin'
[0.587s] Level 1:colcon.colcon_core.environment:checking '/home/jun/ros2_jazzy/src/install/robin_description/lib/pkgconfig/robin_description.pc'
[0.587s] Level 1:colcon.colcon_core.environment:checking '/home/jun/ros2_jazzy/src/install/robin_description/lib/python3.12/site-packages'
[0.588s] Level 1:colcon.colcon_core.environment:checking '/home/jun/ros2_jazzy/src/install/robin_description/bin'
[0.588s] INFO:colcon.colcon_core.shell:Creating package script '/home/jun/ros2_jazzy/src/install/robin_description/share/robin_description/package.ps1'
[0.589s] INFO:colcon.colcon_core.shell:Creating package descriptor '/home/jun/ros2_jazzy/src/install/robin_description/share/robin_description/package.dsv'
[0.589s] INFO:colcon.colcon_core.shell:Creating package script '/home/jun/ros2_jazzy/src/install/robin_description/share/robin_description/package.sh'
[0.590s] INFO:colcon.colcon_core.shell:Creating package script '/home/jun/ros2_jazzy/src/install/robin_description/share/robin_description/package.bash'
[0.590s] INFO:colcon.colcon_core.shell:Creating package script '/home/jun/ros2_jazzy/src/install/robin_description/share/robin_description/package.zsh'
[0.591s] Level 1:colcon.colcon_core.environment:create_file_with_runtime_dependencies(/home/jun/ros2_jazzy/src/install/robin_description/share/colcon-core/packages/robin_description)
[0.591s] Level 1:colcon.colcon_core.environment:create_environment_scripts_only(robin_bringup)
[0.592s] Level 1:colcon.colcon_core.environment:checking '/home/jun/ros2_jazzy/src/install/robin_bringup' for CMake module files
[0.593s] DEBUG:colcon.colcon_core.event_handler.log_command:Invoked command in '/home/jun/ros2_jazzy/src/build/robin_bringup' returned '0': CMAKE_PREFIX_PATH=${CMAKE_PREFIX_PATH}:/home/jun/ros2_jazzy/install/simple_mover:/opt/ros/jazzy DEBUGINFOD_URLS=https://debuginfod.ubuntu.com /usr/bin/cmake --install /home/jun/ros2_jazzy/src/build/robin_bringup
[0.593s] Level 1:colcon.colcon_core.environment:checking '/home/jun/ros2_jazzy/src/install/robin_bringup' for CMake config files
[0.593s] Level 1:colcon.colcon_core.shell:create_environment_hook('robin_bringup', 'cmake_prefix_path')
[0.593s] INFO:colcon.colcon_core.shell:Creating environment hook '/home/jun/ros2_jazzy/src/install/robin_bringup/share/robin_bringup/hook/cmake_prefix_path.ps1'
[0.594s] INFO:colcon.colcon_core.shell:Creating environment descriptor '/home/jun/ros2_jazzy/src/install/robin_bringup/share/robin_bringup/hook/cmake_prefix_path.dsv'
[0.594s] INFO:colcon.colcon_core.shell:Creating environment hook '/home/jun/ros2_jazzy/src/install/robin_bringup/share/robin_bringup/hook/cmake_prefix_path.sh'
[0.595s] Level 1:colcon.colcon_core.environment:checking '/home/jun/ros2_jazzy/src/install/robin_bringup/bin'
[0.595s] Level 1:colcon.colcon_core.environment:checking '/home/jun/ros2_jazzy/src/install/robin_bringup/lib/pkgconfig/robin_bringup.pc'
[0.595s] Level 1:colcon.colcon_core.environment:checking '/home/jun/ros2_jazzy/src/install/robin_bringup/lib/python3.12/site-packages'
[0.595s] Level 1:colcon.colcon_core.environment:checking '/home/jun/ros2_jazzy/src/install/robin_bringup/bin'
[0.596s] INFO:colcon.colcon_core.shell:Creating package script '/home/jun/ros2_jazzy/src/install/robin_bringup/share/robin_bringup/package.ps1'
[0.596s] INFO:colcon.colcon_core.shell:Creating package descriptor '/home/jun/ros2_jazzy/src/install/robin_bringup/share/robin_bringup/package.dsv'
[0.597s] INFO:colcon.colcon_core.shell:Creating package script '/home/jun/ros2_jazzy/src/install/robin_bringup/share/robin_bringup/package.sh'
[0.597s] INFO:colcon.colcon_core.shell:Creating package script '/home/jun/ros2_jazzy/src/install/robin_bringup/share/robin_bringup/package.bash'
[0.597s] INFO:colcon.colcon_core.shell:Creating package script '/home/jun/ros2_jazzy/src/install/robin_bringup/share/robin_bringup/package.zsh'
[0.598s] Level 1:colcon.colcon_core.environment:create_file_with_runtime_dependencies(/home/jun/ros2_jazzy/src/install/robin_bringup/share/colcon-core/packages/robin_bringup)
[0.598s] Level 1:colcon.colcon_core.environment:create_environment_scripts_only(robin_bringup)
[0.599s] Level 1:colcon.colcon_core.environment:checking '/home/jun/ros2_jazzy/src/install/robin_bringup' for CMake module files
[0.599s] Level 1:colcon.colcon_core.environment:checking '/home/jun/ros2_jazzy/src/install/robin_bringup' for CMake config files
[0.599s] Level 1:colcon.colcon_core.shell:create_environment_hook('robin_bringup', 'cmake_prefix_path')
[0.600s] INFO:colcon.colcon_core.shell:Creating environment hook '/home/jun/ros2_jazzy/src/install/robin_bringup/share/robin_bringup/hook/cmake_prefix_path.ps1'
[0.600s] INFO:colcon.colcon_core.shell:Creating environment descriptor '/home/jun/ros2_jazzy/src/install/robin_bringup/share/robin_bringup/hook/cmake_prefix_path.dsv'
[0.600s] INFO:colcon.colcon_core.shell:Creating environment hook '/home/jun/ros2_jazzy/src/install/robin_bringup/share/robin_bringup/hook/cmake_prefix_path.sh'
[0.601s] Level 1:colcon.colcon_core.environment:checking '/home/jun/ros2_jazzy/src/install/robin_bringup/bin'
[0.601s] Level 1:colcon.colcon_core.environment:checking '/home/jun/ros2_jazzy/src/install/robin_bringup/lib/pkgconfig/robin_bringup.pc'
[0.601s] Level 1:colcon.colcon_core.environment:checking '/home/jun/ros2_jazzy/src/install/robin_bringup/lib/python3.12/site-packages'
[0.602s] Level 1:colcon.colcon_core.environment:checking '/home/jun/ros2_jazzy/src/install/robin_bringup/bin'
[0.602s] INFO:colcon.colcon_core.shell:Creating package script '/home/jun/ros2_jazzy/src/install/robin_bringup/share/robin_bringup/package.ps1'
[0.602s] INFO:colcon.colcon_core.shell:Creating package descriptor '/home/jun/ros2_jazzy/src/install/robin_bringup/share/robin_bringup/package.dsv'
[0.603s] INFO:colcon.colcon_core.shell:Creating package script '/home/jun/ros2_jazzy/src/install/robin_bringup/share/robin_bringup/package.sh'
[0.603s] INFO:colcon.colcon_core.shell:Creating package script '/home/jun/ros2_jazzy/src/install/robin_bringup/share/robin_bringup/package.bash'
[0.604s] INFO:colcon.colcon_core.shell:Creating package script '/home/jun/ros2_jazzy/src/install/robin_bringup/share/robin_bringup/package.zsh'
[0.604s] Level 1:colcon.colcon_core.environment:create_file_with_runtime_dependencies(/home/jun/ros2_jazzy/src/install/robin_bringup/share/colcon-core/packages/robin_bringup)
[1.238s] DEBUG:colcon.colcon_core.task.python.build:Available setuptools commands: compile_catalog, rotate, build, pytest, install_egg_info, extract_messages, check, register, update_catalog, bdist_wheel, upload, egg_info, build_clib, bdist_rpm, build_scripts, bdist_egg, dist_info, install_scripts, develop, init_catalog, build_py, setopt, bdist_dumb, ptr, alias, install, symlink_data, clean, editable_wheel, saveopts, upload_docs, install_headers, test, install_data, install_lib, sdist, build_ext, easy_install, bdist
[1.240s] DEBUG:colcon.colcon_core.event_handler.log_command:Invoking command in '/home/jun/ros2_jazzy/src/simple_mover': DEBUGINFOD_URLS=https://debuginfod.ubuntu.com PYTHONPATH=/home/jun/ros2_jazzy/src/build/simple_mover/prefix_override:/usr/lib/python3/dist-packages/colcon_core/task/python/colcon_distutils_commands:/home/jun/ros2_jazzy/src/install/simple_mover/lib/python3.12/site-packages:${PYTHONPATH} /usr/bin/python3 -W ignore:setup.py install is deprecated -W ignore:easy_install command is deprecated setup.py egg_info --egg-base ../build/simple_mover build --build-base /home/jun/ros2_jazzy/src/build/simple_mover/build install --record /home/jun/ros2_jazzy/src/build/simple_mover/install.log --install-scripts $base/lib/simple_mover --single-version-externally-managed install_data
[1.871s] Level 1:colcon.colcon_core.environment:checking '/home/jun/ros2_jazzy/src/install/simple_mover' for CMake module files
[1.872s] DEBUG:colcon.colcon_core.event_handler.log_command:Invoked command in '/home/jun/ros2_jazzy/src/simple_mover' returned '0': DEBUGINFOD_URLS=https://debuginfod.ubuntu.com PYTHONPATH=/home/jun/ros2_jazzy/src/build/simple_mover/prefix_override:/usr/lib/python3/dist-packages/colcon_core/task/python/colcon_distutils_commands:/home/jun/ros2_jazzy/src/install/simple_mover/lib/python3.12/site-packages:${PYTHONPATH} /usr/bin/python3 -W ignore:setup.py install is deprecated -W ignore:easy_install command is deprecated setup.py egg_info --egg-base ../build/simple_mover build --build-base /home/jun/ros2_jazzy/src/build/simple_mover/build install --record /home/jun/ros2_jazzy/src/build/simple_mover/install.log --install-scripts $base/lib/simple_mover --single-version-externally-managed install_data
[1.872s] Level 1:colcon.colcon_core.environment:checking '/home/jun/ros2_jazzy/src/install/simple_mover' for CMake config files
[1.873s] Level 1:colcon.colcon_core.environment:checking '/home/jun/ros2_jazzy/src/install/simple_mover/lib'
[1.873s] Level 1:colcon.colcon_core.environment:checking '/home/jun/ros2_jazzy/src/install/simple_mover/bin'
[1.873s] Level 1:colcon.colcon_core.environment:checking '/home/jun/ros2_jazzy/src/install/simple_mover/lib/pkgconfig/simple_mover.pc'
[1.873s] Level 1:colcon.colcon_core.environment:checking '/home/jun/ros2_jazzy/src/install/simple_mover/lib/python3.12/site-packages'
[1.873s] Level 1:colcon.colcon_core.shell:create_environment_hook('simple_mover', 'pythonpath')
[1.874s] INFO:colcon.colcon_core.shell:Creating environment hook '/home/jun/ros2_jazzy/src/install/simple_mover/share/simple_mover/hook/pythonpath.ps1'
[1.874s] INFO:colcon.colcon_core.shell:Creating environment descriptor '/home/jun/ros2_jazzy/src/install/simple_mover/share/simple_mover/hook/pythonpath.dsv'
[1.875s] INFO:colcon.colcon_core.shell:Creating environment hook '/home/jun/ros2_jazzy/src/install/simple_mover/share/simple_mover/hook/pythonpath.sh'
[1.875s] Level 1:colcon.colcon_core.environment:checking '/home/jun/ros2_jazzy/src/install/simple_mover/bin'
[1.875s] Level 1:colcon.colcon_core.environment:create_environment_scripts_only(simple_mover)
[1.876s] INFO:colcon.colcon_core.shell:Creating package script '/home/jun/ros2_jazzy/src/install/simple_mover/share/simple_mover/package.ps1'
[1.876s] INFO:colcon.colcon_core.shell:Creating package descriptor '/home/jun/ros2_jazzy/src/install/simple_mover/share/simple_mover/package.dsv'
[1.877s] INFO:colcon.colcon_core.shell:Creating package script '/home/jun/ros2_jazzy/src/install/simple_mover/share/simple_mover/package.sh'
[1.877s] INFO:colcon.colcon_core.shell:Creating package script '/home/jun/ros2_jazzy/src/install/simple_mover/share/simple_mover/package.bash'
[1.878s] INFO:colcon.colcon_core.shell:Creating package script '/home/jun/ros2_jazzy/src/install/simple_mover/share/simple_mover/package.zsh'
[1.878s] Level 1:colcon.colcon_core.environment:create_file_with_runtime_dependencies(/home/jun/ros2_jazzy/src/install/simple_mover/share/colcon-core/packages/simple_mover)
[1.879s] DEBUG:colcon.colcon_parallel_executor.executor.parallel:closing loop
[1.879s] DEBUG:colcon.colcon_parallel_executor.executor.parallel:loop closed
[1.879s] DEBUG:colcon.colcon_parallel_executor.executor.parallel:run_until_complete finished with '0'
[1.879s] DEBUG:colcon.colcon_core.event_reactor:joining thread
[1.885s] INFO:colcon.colcon_core.plugin_system:Skipping extension 'colcon_notification.desktop_notification.terminal_notifier': Not used on non-Darwin systems
[1.885s] INFO:colcon.colcon_core.plugin_system:Skipping extension 'colcon_notification.desktop_notification.win32': Not used on non-Windows systems
[1.885s] INFO:colcon.colcon_notification.desktop_notification:Sending desktop notification using 'notify2'
[1.899s] DEBUG:colcon.colcon_core.event_reactor:joined thread
[1.900s] INFO:colcon.colcon_core.shell:Creating prefix script '/home/jun/ros2_jazzy/src/install/local_setup.ps1'
[1.901s] INFO:colcon.colcon_core.shell:Creating prefix util module '/home/jun/ros2_jazzy/src/install/_local_setup_util_ps1.py'
[1.902s] INFO:colcon.colcon_core.shell:Creating prefix chain script '/home/jun/ros2_jazzy/src/install/setup.ps1'
[1.904s] INFO:colcon.colcon_core.shell:Creating prefix script '/home/jun/ros2_jazzy/src/install/local_setup.sh'
[1.904s] INFO:colcon.colcon_core.shell:Creating prefix util module '/home/jun/ros2_jazzy/src/install/_local_setup_util_sh.py'
[1.905s] INFO:colcon.colcon_core.shell:Creating prefix chain script '/home/jun/ros2_jazzy/src/install/setup.sh'
[1.906s] INFO:colcon.colcon_core.shell:Creating prefix script '/home/jun/ros2_jazzy/src/install/local_setup.bash'
[1.906s] INFO:colcon.colcon_core.shell:Creating prefix chain script '/home/jun/ros2_jazzy/src/install/setup.bash'
[1.907s] INFO:colcon.colcon_core.shell:Creating prefix script '/home/jun/ros2_jazzy/src/install/local_setup.zsh'
[1.908s] INFO:colcon.colcon_core.shell:Creating prefix chain script '/home/jun/ros2_jazzy/src/install/setup.zsh'
