[1.000s] Invoking command in '/home/jun/ros2_jazzy/src/simple_mover': DEBUGINFOD_URLS=https://debuginfod.ubuntu.com PYTHONPATH=/home/jun/ros2_jazzy/src/build/simple_mover/prefix_override:/usr/lib/python3/dist-packages/colcon_core/task/python/colcon_distutils_commands:/home/jun/ros2_jazzy/src/install/simple_mover/lib/python3.12/site-packages:${PYTHONPATH} /usr/bin/python3 -W ignore:setup.py install is deprecated -W ignore:easy_install command is deprecated setup.py egg_info --egg-base ../build/simple_mover build --build-base /home/jun/ros2_jazzy/src/build/simple_mover/build install --record /home/jun/ros2_jazzy/src/build/simple_mover/install.log --install-scripts $base/lib/simple_mover --single-version-externally-managed install_data
[1.304s] running egg_info
[1.327s] writing ../build/simple_mover/simple_mover.egg-info/PKG-INFO
[1.328s] writing dependency_links to ../build/simple_mover/simple_mover.egg-info/dependency_links.txt
[1.328s] writing entry points to ../build/simple_mover/simple_mover.egg-info/entry_points.txt
[1.328s] writing requirements to ../build/simple_mover/simple_mover.egg-info/requires.txt
[1.328s] writing top-level names to ../build/simple_mover/simple_mover.egg-info/top_level.txt
[1.377s] reading manifest file '../build/simple_mover/simple_mover.egg-info/SOURCES.txt'
[1.377s] writing manifest file '../build/simple_mover/simple_mover.egg-info/SOURCES.txt'
[1.378s] running build
[1.378s] running build_py
[1.378s] copying simple_mover/mover_node.py -> /home/jun/ros2_jazzy/src/build/simple_mover/build/lib/simple_mover
[1.378s] running install
[1.384s] running install_lib
[1.409s] copying /home/jun/ros2_jazzy/src/build/simple_mover/build/lib/simple_mover/mover_node.py -> /home/jun/ros2_jazzy/src/install/simple_mover/lib/python3.12/site-packages/simple_mover
[1.409s] byte-compiling /home/jun/ros2_jazzy/src/install/simple_mover/lib/python3.12/site-packages/simple_mover/mover_node.py to mover_node.cpython-312.pyc
[1.411s] running install_data
[1.411s] running install_egg_info
[1.437s] removing '/home/jun/ros2_jazzy/src/install/simple_mover/lib/python3.12/site-packages/simple_mover-0.0.0-py3.12.egg-info' (and everything under it)
[1.437s] Copying ../build/simple_mover/simple_mover.egg-info to /home/jun/ros2_jazzy/src/install/simple_mover/lib/python3.12/site-packages/simple_mover-0.0.0-py3.12.egg-info
[1.438s] running install_scripts
[1.594s] Installing forward_kinematic_node script to /home/jun/ros2_jazzy/src/install/simple_mover/lib/simple_mover
[1.594s] Installing inverse_kinematic_node script to /home/jun/ros2_jazzy/src/install/simple_mover/lib/simple_mover
[1.594s] Installing mover_node script to /home/jun/ros2_jazzy/src/install/simple_mover/lib/simple_mover
[1.595s] writing list of installed files to '/home/jun/ros2_jazzy/src/build/simple_mover/install.log'
[1.636s] Invoked command in '/home/jun/ros2_jazzy/src/simple_mover' returned '0': DEBUGINFOD_URLS=https://debuginfod.ubuntu.com PYTHONPATH=/home/jun/ros2_jazzy/src/build/simple_mover/prefix_override:/usr/lib/python3/dist-packages/colcon_core/task/python/colcon_distutils_commands:/home/jun/ros2_jazzy/src/install/simple_mover/lib/python3.12/site-packages:${PYTHONPATH} /usr/bin/python3 -W ignore:setup.py install is deprecated -W ignore:easy_install command is deprecated setup.py egg_info --egg-base ../build/simple_mover build --build-base /home/jun/ros2_jazzy/src/build/simple_mover/build install --record /home/jun/ros2_jazzy/src/build/simple_mover/install.log --install-scripts $base/lib/simple_mover --single-version-externally-managed install_data
