[0.176s] DEBUG:colcon:Command line arguments: ['/usr/bin/colcon', 'build']
[0.177s] DEBUG:colcon:Parsed command line arguments: Namespace(log_base=None, log_level=None, verb_name='build', build_base='build', install_base='install', merge_install=False, symlink_install=False, test_result_base=None, continue_on_error=False, executor='parallel', parallel_workers=12, event_handlers=None, ignore_user_meta=False, metas=['./colcon.meta'], base_paths=['.'], packages_ignore=None, packages_ignore_regex=None, paths=None, packages_up_to=None, packages_up_to_regex=None, packages_above=None, packages_above_and_dependencies=None, packages_above_depth=None, packages_select_by_dep=None, packages_skip_by_dep=None, packages_skip_up_to=None, packages_select_build_failed=False, packages_skip_build_finished=False, packages_select_test_failures=False, packages_skip_test_passed=False, packages_select=None, packages_skip=None, packages_select_regex=None, packages_skip_regex=None, packages_start=None, packages_end=None, allow_overriding=[], cmake_args=None, cmake_target=None, cmake_target_skip_unavailable=False, cmake_clean_cache=False, cmake_clean_first=False, cmake_force_configure=False, ament_cmake_args=None, catkin_cmake_args=None, catkin_skip_building_tests=False, mixin_files=None, mixin=None, verb_parser=<colcon_mixin.mixin.mixin_argument.MixinArgumentDecorator object at 0x731287f992e0>, verb_extension=<colcon_core.verb.build.BuildVerb object at 0x731287f98fe0>, main=<bound method BuildVerb.main of <colcon_core.verb.build.BuildVerb object at 0x731287f98fe0>>, mixin_verb=('build',))
[0.244s] Level 1:colcon.colcon_core.package_discovery:discover_packages(colcon_meta) check parameters
[0.244s] Level 1:colcon.colcon_core.package_discovery:discover_packages(recursive) check parameters
[0.244s] Level 1:colcon.colcon_core.package_discovery:discover_packages(ignore) check parameters
[0.244s] Level 1:colcon.colcon_core.package_discovery:discover_packages(path) check parameters
[0.244s] Level 1:colcon.colcon_core.package_discovery:discover_packages(colcon_meta) discover
[0.244s] Level 1:colcon.colcon_core.package_discovery:discover_packages(recursive) discover
[0.244s] INFO:colcon.colcon_core.package_discovery:Crawling recursively for packages in '/home/jun/ros2_jazzy/src'
[0.244s] Level 1:colcon.colcon_core.package_identification:_identify(.) by extensions ['ignore', 'ignore_ament_install']
[0.244s] Level 1:colcon.colcon_core.package_identification:_identify(.) by extension 'ignore'
[0.245s] Level 1:colcon.colcon_core.package_identification:_identify(.) by extension 'ignore_ament_install'
[0.245s] Level 1:colcon.colcon_core.package_identification:_identify(.) by extensions ['colcon_pkg']
[0.245s] Level 1:colcon.colcon_core.package_identification:_identify(.) by extension 'colcon_pkg'
[0.245s] Level 1:colcon.colcon_core.package_identification:_identify(.) by extensions ['colcon_meta']
[0.245s] Level 1:colcon.colcon_core.package_identification:_identify(.) by extension 'colcon_meta'
[0.245s] Level 1:colcon.colcon_core.package_identification:_identify(.) by extensions ['ros']
[0.245s] Level 1:colcon.colcon_core.package_identification:_identify(.) by extension 'ros'
[0.271s] Level 1:colcon.colcon_core.package_identification:_identify(.) by extensions ['cmake', 'python']
[0.271s] Level 1:colcon.colcon_core.package_identification:_identify(.) by extension 'cmake'
[0.271s] Level 1:colcon.colcon_core.package_identification:_identify(.) by extension 'python'
[0.271s] Level 1:colcon.colcon_core.package_identification:_identify(.) by extensions ['python_setup_py']
[0.271s] Level 1:colcon.colcon_core.package_identification:_identify(.) by extension 'python_setup_py'
[0.271s] Level 1:colcon.colcon_core.package_identification:_identify(build) by extensions ['ignore', 'ignore_ament_install']
[0.271s] Level 1:colcon.colcon_core.package_identification:_identify(build) by extension 'ignore'
[0.271s] Level 1:colcon.colcon_core.package_identification:_identify(build) ignored
[0.271s] Level 1:colcon.colcon_core.package_identification:_identify(install) by extensions ['ignore', 'ignore_ament_install']
[0.272s] Level 1:colcon.colcon_core.package_identification:_identify(install) by extension 'ignore'
[0.272s] Level 1:colcon.colcon_core.package_identification:_identify(install) ignored
[0.272s] Level 1:colcon.colcon_core.package_identification:_identify(log) by extensions ['ignore', 'ignore_ament_install']
[0.272s] Level 1:colcon.colcon_core.package_identification:_identify(log) by extension 'ignore'
[0.272s] Level 1:colcon.colcon_core.package_identification:_identify(log) ignored
[0.272s] Level 1:colcon.colcon_core.package_identification:_identify(robin_bringup) by extensions ['ignore', 'ignore_ament_install']
[0.272s] Level 1:colcon.colcon_core.package_identification:_identify(robin_bringup) by extension 'ignore'
[0.272s] Level 1:colcon.colcon_core.package_identification:_identify(robin_bringup) by extension 'ignore_ament_install'
[0.272s] Level 1:colcon.colcon_core.package_identification:_identify(robin_bringup) by extensions ['colcon_pkg']
[0.272s] Level 1:colcon.colcon_core.package_identification:_identify(robin_bringup) by extension 'colcon_pkg'
[0.272s] Level 1:colcon.colcon_core.package_identification:_identify(robin_bringup) by extensions ['colcon_meta']
[0.272s] Level 1:colcon.colcon_core.package_identification:_identify(robin_bringup) by extension 'colcon_meta'
[0.272s] Level 1:colcon.colcon_core.package_identification:_identify(robin_bringup) by extensions ['ros']
[0.272s] Level 1:colcon.colcon_core.package_identification:_identify(robin_bringup) by extension 'ros'
[0.275s] DEBUG:colcon.colcon_core.package_identification:Package 'robin_bringup' with type 'ros.ament_cmake' and name 'robin_bringup'
[0.275s] Level 1:colcon.colcon_core.package_identification:_identify(robin_description) by extensions ['ignore', 'ignore_ament_install']
[0.275s] Level 1:colcon.colcon_core.package_identification:_identify(robin_description) by extension 'ignore'
[0.275s] Level 1:colcon.colcon_core.package_identification:_identify(robin_description) by extension 'ignore_ament_install'
[0.275s] Level 1:colcon.colcon_core.package_identification:_identify(robin_description) by extensions ['colcon_pkg']
[0.275s] Level 1:colcon.colcon_core.package_identification:_identify(robin_description) by extension 'colcon_pkg'
[0.275s] Level 1:colcon.colcon_core.package_identification:_identify(robin_description) by extensions ['colcon_meta']
[0.276s] Level 1:colcon.colcon_core.package_identification:_identify(robin_description) by extension 'colcon_meta'
[0.276s] Level 1:colcon.colcon_core.package_identification:_identify(robin_description) by extensions ['ros']
[0.276s] Level 1:colcon.colcon_core.package_identification:_identify(robin_description) by extension 'ros'
[0.276s] DEBUG:colcon.colcon_core.package_identification:Package 'robin_description' with type 'ros.ament_cmake' and name 'robin_description'
[0.276s] Level 1:colcon.colcon_core.package_identification:_identify(simple_mover) by extensions ['ignore', 'ignore_ament_install']
[0.276s] Level 1:colcon.colcon_core.package_identification:_identify(simple_mover) by extension 'ignore'
[0.277s] Level 1:colcon.colcon_core.package_identification:_identify(simple_mover) by extension 'ignore_ament_install'
[0.277s] Level 1:colcon.colcon_core.package_identification:_identify(simple_mover) by extensions ['colcon_pkg']
[0.277s] Level 1:colcon.colcon_core.package_identification:_identify(simple_mover) by extension 'colcon_pkg'
[0.277s] Level 1:colcon.colcon_core.package_identification:_identify(simple_mover) by extensions ['colcon_meta']
[0.277s] Level 1:colcon.colcon_core.package_identification:_identify(simple_mover) by extension 'colcon_meta'
[0.277s] Level 1:colcon.colcon_core.package_identification:_identify(simple_mover) by extensions ['ros']
[0.277s] Level 1:colcon.colcon_core.package_identification:_identify(simple_mover) by extension 'ros'
[0.278s] DEBUG:colcon.colcon_core.package_identification:Package 'simple_mover' with type 'ros.ament_python' and name 'simple_mover'
[0.278s] Level 1:colcon.colcon_core.package_discovery:discover_packages(recursive) using defaults
[0.278s] Level 1:colcon.colcon_core.package_discovery:discover_packages(ignore) discover
[0.278s] Level 1:colcon.colcon_core.package_discovery:discover_packages(ignore) using defaults
[0.278s] Level 1:colcon.colcon_core.package_discovery:discover_packages(path) discover
[0.278s] Level 1:colcon.colcon_core.package_discovery:discover_packages(path) using defaults
[0.303s] Level 1:colcon.colcon_core.package_discovery:discover_packages(prefix_path) check parameters
[0.303s] Level 1:colcon.colcon_core.package_discovery:discover_packages(prefix_path) discover
[0.307s] DEBUG:colcon.colcon_installed_package_information.package_discovery:Found 3 installed packages in /home/jun/ros2_jazzy/install
[0.308s] DEBUG:colcon.colcon_installed_package_information.package_discovery:Found 310 installed packages in /opt/ros/jazzy
[0.310s] Level 1:colcon.colcon_core.package_discovery:discover_packages(prefix_path) using defaults
[0.356s] Level 5:colcon.colcon_core.verb:set package 'robin_bringup' build argument 'cmake_args' from command line to 'None'
[0.356s] Level 5:colcon.colcon_core.verb:set package 'robin_bringup' build argument 'cmake_target' from command line to 'None'
[0.356s] Level 5:colcon.colcon_core.verb:set package 'robin_bringup' build argument 'cmake_target_skip_unavailable' from command line to 'False'
[0.356s] Level 5:colcon.colcon_core.verb:set package 'robin_bringup' build argument 'cmake_clean_cache' from command line to 'False'
[0.356s] Level 5:colcon.colcon_core.verb:set package 'robin_bringup' build argument 'cmake_clean_first' from command line to 'False'
[0.356s] Level 5:colcon.colcon_core.verb:set package 'robin_bringup' build argument 'cmake_force_configure' from command line to 'False'
[0.356s] Level 5:colcon.colcon_core.verb:set package 'robin_bringup' build argument 'ament_cmake_args' from command line to 'None'
[0.356s] Level 5:colcon.colcon_core.verb:set package 'robin_bringup' build argument 'catkin_cmake_args' from command line to 'None'
[0.356s] Level 5:colcon.colcon_core.verb:set package 'robin_bringup' build argument 'catkin_skip_building_tests' from command line to 'False'
[0.356s] DEBUG:colcon.colcon_core.verb:Building package 'robin_bringup' with the following arguments: {'ament_cmake_args': None, 'build_base': '/home/jun/ros2_jazzy/src/build/robin_bringup', 'catkin_cmake_args': None, 'catkin_skip_building_tests': False, 'cmake_args': None, 'cmake_clean_cache': False, 'cmake_clean_first': False, 'cmake_force_configure': False, 'cmake_target': None, 'cmake_target_skip_unavailable': False, 'install_base': '/home/jun/ros2_jazzy/src/install/robin_bringup', 'merge_install': False, 'path': '/home/jun/ros2_jazzy/src/robin_bringup', 'symlink_install': False, 'test_result_base': None}
[0.357s] Level 5:colcon.colcon_core.verb:set package 'robin_description' build argument 'cmake_args' from command line to 'None'
[0.357s] Level 5:colcon.colcon_core.verb:set package 'robin_description' build argument 'cmake_target' from command line to 'None'
[0.357s] Level 5:colcon.colcon_core.verb:set package 'robin_description' build argument 'cmake_target_skip_unavailable' from command line to 'False'
[0.357s] Level 5:colcon.colcon_core.verb:set package 'robin_description' build argument 'cmake_clean_cache' from command line to 'False'
[0.357s] Level 5:colcon.colcon_core.verb:set package 'robin_description' build argument 'cmake_clean_first' from command line to 'False'
[0.357s] Level 5:colcon.colcon_core.verb:set package 'robin_description' build argument 'cmake_force_configure' from command line to 'False'
[0.357s] Level 5:colcon.colcon_core.verb:set package 'robin_description' build argument 'ament_cmake_args' from command line to 'None'
[0.357s] Level 5:colcon.colcon_core.verb:set package 'robin_description' build argument 'catkin_cmake_args' from command line to 'None'
[0.357s] Level 5:colcon.colcon_core.verb:set package 'robin_description' build argument 'catkin_skip_building_tests' from command line to 'False'
[0.357s] DEBUG:colcon.colcon_core.verb:Building package 'robin_description' with the following arguments: {'ament_cmake_args': None, 'build_base': '/home/jun/ros2_jazzy/src/build/robin_description', 'catkin_cmake_args': None, 'catkin_skip_building_tests': False, 'cmake_args': None, 'cmake_clean_cache': False, 'cmake_clean_first': False, 'cmake_force_configure': False, 'cmake_target': None, 'cmake_target_skip_unavailable': False, 'install_base': '/home/jun/ros2_jazzy/src/install/robin_description', 'merge_install': False, 'path': '/home/jun/ros2_jazzy/src/robin_description', 'symlink_install': False, 'test_result_base': None}
[0.357s] Level 5:colcon.colcon_core.verb:set package 'simple_mover' build argument 'cmake_args' from command line to 'None'
[0.357s] Level 5:colcon.colcon_core.verb:set package 'simple_mover' build argument 'cmake_target' from command line to 'None'
[0.357s] Level 5:colcon.colcon_core.verb:set package 'simple_mover' build argument 'cmake_target_skip_unavailable' from command line to 'False'
[0.357s] Level 5:colcon.colcon_core.verb:set package 'simple_mover' build argument 'cmake_clean_cache' from command line to 'False'
[0.357s] Level 5:colcon.colcon_core.verb:set package 'simple_mover' build argument 'cmake_clean_first' from command line to 'False'
[0.358s] Level 5:colcon.colcon_core.verb:set package 'simple_mover' build argument 'cmake_force_configure' from command line to 'False'
[0.358s] Level 5:colcon.colcon_core.verb:set package 'simple_mover' build argument 'ament_cmake_args' from command line to 'None'
[0.358s] Level 5:colcon.colcon_core.verb:set package 'simple_mover' build argument 'catkin_cmake_args' from command line to 'None'
[0.358s] Level 5:colcon.colcon_core.verb:set package 'simple_mover' build argument 'catkin_skip_building_tests' from command line to 'False'
[0.358s] DEBUG:colcon.colcon_core.verb:Building package 'simple_mover' with the following arguments: {'ament_cmake_args': None, 'build_base': '/home/jun/ros2_jazzy/src/build/simple_mover', 'catkin_cmake_args': None, 'catkin_skip_building_tests': False, 'cmake_args': None, 'cmake_clean_cache': False, 'cmake_clean_first': False, 'cmake_force_configure': False, 'cmake_target': None, 'cmake_target_skip_unavailable': False, 'install_base': '/home/jun/ros2_jazzy/src/install/simple_mover', 'merge_install': False, 'path': '/home/jun/ros2_jazzy/src/simple_mover', 'symlink_install': False, 'test_result_base': None}
[0.358s] INFO:colcon.colcon_core.executor:Executing jobs using 'parallel' executor
[0.359s] DEBUG:colcon.colcon_parallel_executor.executor.parallel:run_until_complete
[0.359s] INFO:colcon.colcon_ros.task.ament_cmake.build:Building ROS package in '/home/jun/ros2_jazzy/src/robin_bringup' with build type 'ament_cmake'
[0.359s] INFO:colcon.colcon_cmake.task.cmake.build:Building CMake package in '/home/jun/ros2_jazzy/src/robin_bringup'
[0.364s] INFO:colcon.colcon_core.plugin_system:Skipping extension 'colcon_core.shell.bat': Not used on non-Windows systems
[0.364s] INFO:colcon.colcon_core.shell:Skip shell extension 'powershell' for command environment: Not usable outside of PowerShell
[0.364s] DEBUG:colcon.colcon_core.shell:Skip shell extension 'dsv' for command environment
[0.369s] INFO:colcon.colcon_ros.task.ament_cmake.build:Building ROS package in '/home/jun/ros2_jazzy/src/robin_description' with build type 'ament_cmake'
[0.369s] INFO:colcon.colcon_cmake.task.cmake.build:Building CMake package in '/home/jun/ros2_jazzy/src/robin_description'
[0.370s] INFO:colcon.colcon_core.shell:Skip shell extension 'powershell' for command environment: Not usable outside of PowerShell
[0.370s] DEBUG:colcon.colcon_core.shell:Skip shell extension 'dsv' for command environment
[0.373s] INFO:colcon.colcon_ros.task.ament_python.build:Building ROS package in '/home/jun/ros2_jazzy/src/simple_mover' with build type 'ament_python'
[0.374s] Level 1:colcon.colcon_core.shell:create_environment_hook('simple_mover', 'ament_prefix_path')
[0.374s] INFO:colcon.colcon_core.shell:Creating environment hook '/home/jun/ros2_jazzy/src/install/simple_mover/share/simple_mover/hook/ament_prefix_path.ps1'
[0.375s] INFO:colcon.colcon_core.shell:Creating environment descriptor '/home/jun/ros2_jazzy/src/install/simple_mover/share/simple_mover/hook/ament_prefix_path.dsv'
[0.376s] INFO:colcon.colcon_core.shell:Creating environment hook '/home/jun/ros2_jazzy/src/install/simple_mover/share/simple_mover/hook/ament_prefix_path.sh'
[0.377s] INFO:colcon.colcon_core.shell:Skip shell extension 'powershell' for command environment: Not usable outside of PowerShell
[0.377s] DEBUG:colcon.colcon_core.shell:Skip shell extension 'dsv' for command environment
[0.386s] DEBUG:colcon.colcon_core.event_handler.log_command:Invoking command in '/home/jun/ros2_jazzy/src/build/robin_bringup': CMAKE_PREFIX_PATH=${CMAKE_PREFIX_PATH}:/home/jun/ros2_jazzy/install/simple_mover:/opt/ros/jazzy DEBUGINFOD_URLS=https://debuginfod.ubuntu.com /usr/bin/cmake --build /home/jun/ros2_jazzy/src/build/robin_bringup -- -j12 -l12
[0.389s] DEBUG:colcon.colcon_core.event_handler.log_command:Invoking command in '/home/jun/ros2_jazzy/src/build/robin_description': CMAKE_PREFIX_PATH=${CMAKE_PREFIX_PATH}:/home/jun/ros2_jazzy/install/simple_mover:/opt/ros/jazzy DEBUGINFOD_URLS=https://debuginfod.ubuntu.com /usr/bin/cmake --build /home/jun/ros2_jazzy/src/build/robin_description -- -j12 -l12
[0.635s] INFO:colcon.colcon_core.task.python.build:Building Python package in '/home/jun/ros2_jazzy/src/simple_mover'
[0.636s] INFO:colcon.colcon_core.shell:Skip shell extension 'powershell' for command environment: Not usable outside of PowerShell
[0.636s] DEBUG:colcon.colcon_core.shell:Skip shell extension 'dsv' for command environment
[0.640s] DEBUG:colcon.colcon_core.event_handler.log_command:Invoked command in '/home/jun/ros2_jazzy/src/build/robin_bringup' returned '0': CMAKE_PREFIX_PATH=${CMAKE_PREFIX_PATH}:/home/jun/ros2_jazzy/install/simple_mover:/opt/ros/jazzy DEBUGINFOD_URLS=https://debuginfod.ubuntu.com /usr/bin/cmake --build /home/jun/ros2_jazzy/src/build/robin_bringup -- -j12 -l12
[0.655s] DEBUG:colcon.colcon_core.event_handler.log_command:Invoking command in '/home/jun/ros2_jazzy/src/build/robin_bringup': CMAKE_PREFIX_PATH=${CMAKE_PREFIX_PATH}:/home/jun/ros2_jazzy/install/simple_mover:/opt/ros/jazzy DEBUGINFOD_URLS=https://debuginfod.ubuntu.com /usr/bin/cmake --install /home/jun/ros2_jazzy/src/build/robin_bringup
[0.670s] Level 1:colcon.colcon_core.environment:create_environment_scripts_only(robin_bringup)
[0.671s] DEBUG:colcon.colcon_core.event_handler.log_command:Invoked command in '/home/jun/ros2_jazzy/src/build/robin_bringup' returned '0': CMAKE_PREFIX_PATH=${CMAKE_PREFIX_PATH}:/home/jun/ros2_jazzy/install/simple_mover:/opt/ros/jazzy DEBUGINFOD_URLS=https://debuginfod.ubuntu.com /usr/bin/cmake --install /home/jun/ros2_jazzy/src/build/robin_bringup
[0.677s] Level 1:colcon.colcon_core.environment:checking '/home/jun/ros2_jazzy/src/install/robin_bringup' for CMake module files
[0.677s] Level 1:colcon.colcon_core.environment:checking '/home/jun/ros2_jazzy/src/install/robin_bringup' for CMake config files
[0.677s] Level 1:colcon.colcon_core.shell:create_environment_hook('robin_bringup', 'cmake_prefix_path')
[0.678s] INFO:colcon.colcon_core.shell:Creating environment hook '/home/jun/ros2_jazzy/src/install/robin_bringup/share/robin_bringup/hook/cmake_prefix_path.ps1'
[0.678s] INFO:colcon.colcon_core.shell:Creating environment descriptor '/home/jun/ros2_jazzy/src/install/robin_bringup/share/robin_bringup/hook/cmake_prefix_path.dsv'
[0.678s] INFO:colcon.colcon_core.shell:Creating environment hook '/home/jun/ros2_jazzy/src/install/robin_bringup/share/robin_bringup/hook/cmake_prefix_path.sh'
[0.679s] Level 1:colcon.colcon_core.environment:checking '/home/jun/ros2_jazzy/src/install/robin_bringup/bin'
[0.679s] Level 1:colcon.colcon_core.environment:checking '/home/jun/ros2_jazzy/src/install/robin_bringup/lib/pkgconfig/robin_bringup.pc'
[0.679s] Level 1:colcon.colcon_core.environment:checking '/home/jun/ros2_jazzy/src/install/robin_bringup/lib/python3.12/site-packages'
[0.680s] Level 1:colcon.colcon_core.environment:checking '/home/jun/ros2_jazzy/src/install/robin_bringup/bin'
[0.680s] INFO:colcon.colcon_core.shell:Creating package script '/home/jun/ros2_jazzy/src/install/robin_bringup/share/robin_bringup/package.ps1'
[0.681s] INFO:colcon.colcon_core.shell:Creating package descriptor '/home/jun/ros2_jazzy/src/install/robin_bringup/share/robin_bringup/package.dsv'
[0.682s] INFO:colcon.colcon_core.shell:Creating package script '/home/jun/ros2_jazzy/src/install/robin_bringup/share/robin_bringup/package.sh'
[0.682s] INFO:colcon.colcon_core.shell:Creating package script '/home/jun/ros2_jazzy/src/install/robin_bringup/share/robin_bringup/package.bash'
[0.683s] INFO:colcon.colcon_core.shell:Creating package script '/home/jun/ros2_jazzy/src/install/robin_bringup/share/robin_bringup/package.zsh'
[0.684s] Level 1:colcon.colcon_core.environment:create_file_with_runtime_dependencies(/home/jun/ros2_jazzy/src/install/robin_bringup/share/colcon-core/packages/robin_bringup)
[0.685s] Level 1:colcon.colcon_core.environment:create_environment_scripts_only(robin_bringup)
[0.685s] Level 1:colcon.colcon_core.environment:checking '/home/jun/ros2_jazzy/src/install/robin_bringup' for CMake module files
[0.686s] Level 1:colcon.colcon_core.environment:checking '/home/jun/ros2_jazzy/src/install/robin_bringup' for CMake config files
[0.686s] Level 1:colcon.colcon_core.shell:create_environment_hook('robin_bringup', 'cmake_prefix_path')
[0.686s] INFO:colcon.colcon_core.shell:Creating environment hook '/home/jun/ros2_jazzy/src/install/robin_bringup/share/robin_bringup/hook/cmake_prefix_path.ps1'
[0.687s] INFO:colcon.colcon_core.shell:Creating environment descriptor '/home/jun/ros2_jazzy/src/install/robin_bringup/share/robin_bringup/hook/cmake_prefix_path.dsv'
[0.687s] INFO:colcon.colcon_core.shell:Creating environment hook '/home/jun/ros2_jazzy/src/install/robin_bringup/share/robin_bringup/hook/cmake_prefix_path.sh'
[0.687s] Level 1:colcon.colcon_core.environment:checking '/home/jun/ros2_jazzy/src/install/robin_bringup/bin'
[0.688s] Level 1:colcon.colcon_core.environment:checking '/home/jun/ros2_jazzy/src/install/robin_bringup/lib/pkgconfig/robin_bringup.pc'
[0.688s] Level 1:colcon.colcon_core.environment:checking '/home/jun/ros2_jazzy/src/install/robin_bringup/lib/python3.12/site-packages'
[0.688s] Level 1:colcon.colcon_core.environment:checking '/home/jun/ros2_jazzy/src/install/robin_bringup/bin'
[0.688s] INFO:colcon.colcon_core.shell:Creating package script '/home/jun/ros2_jazzy/src/install/robin_bringup/share/robin_bringup/package.ps1'
[0.689s] INFO:colcon.colcon_core.shell:Creating package descriptor '/home/jun/ros2_jazzy/src/install/robin_bringup/share/robin_bringup/package.dsv'
[0.689s] INFO:colcon.colcon_core.shell:Creating package script '/home/jun/ros2_jazzy/src/install/robin_bringup/share/robin_bringup/package.sh'
[0.690s] INFO:colcon.colcon_core.shell:Creating package script '/home/jun/ros2_jazzy/src/install/robin_bringup/share/robin_bringup/package.bash'
[0.690s] INFO:colcon.colcon_core.shell:Creating package script '/home/jun/ros2_jazzy/src/install/robin_bringup/share/robin_bringup/package.zsh'
[0.691s] Level 1:colcon.colcon_core.environment:create_file_with_runtime_dependencies(/home/jun/ros2_jazzy/src/install/robin_bringup/share/colcon-core/packages/robin_bringup)
[0.878s] DEBUG:colcon.colcon_core.event_handler.log_command:Invoked command in '/home/jun/ros2_jazzy/src/build/robin_description' returned '0': CMAKE_PREFIX_PATH=${CMAKE_PREFIX_PATH}:/home/jun/ros2_jazzy/install/simple_mover:/opt/ros/jazzy DEBUGINFOD_URLS=https://debuginfod.ubuntu.com /usr/bin/cmake --build /home/jun/ros2_jazzy/src/build/robin_description -- -j12 -l12
[0.880s] DEBUG:colcon.colcon_core.event_handler.log_command:Invoking command in '/home/jun/ros2_jazzy/src/build/robin_description': CMAKE_PREFIX_PATH=${CMAKE_PREFIX_PATH}:/home/jun/ros2_jazzy/install/simple_mover:/opt/ros/jazzy DEBUGINFOD_URLS=https://debuginfod.ubuntu.com /usr/bin/cmake --install /home/jun/ros2_jazzy/src/build/robin_description
[0.894s] Level 1:colcon.colcon_core.environment:create_environment_scripts_only(robin_description)
[0.894s] Level 1:colcon.colcon_core.environment:checking '/home/jun/ros2_jazzy/src/install/robin_description' for CMake module files
[0.895s] DEBUG:colcon.colcon_core.event_handler.log_command:Invoked command in '/home/jun/ros2_jazzy/src/build/robin_description' returned '0': CMAKE_PREFIX_PATH=${CMAKE_PREFIX_PATH}:/home/jun/ros2_jazzy/install/simple_mover:/opt/ros/jazzy DEBUGINFOD_URLS=https://debuginfod.ubuntu.com /usr/bin/cmake --install /home/jun/ros2_jazzy/src/build/robin_description
[0.895s] Level 1:colcon.colcon_core.environment:checking '/home/jun/ros2_jazzy/src/install/robin_description' for CMake config files
[0.896s] Level 1:colcon.colcon_core.shell:create_environment_hook('robin_description', 'cmake_prefix_path')
[0.896s] INFO:colcon.colcon_core.shell:Creating environment hook '/home/jun/ros2_jazzy/src/install/robin_description/share/robin_description/hook/cmake_prefix_path.ps1'
[0.896s] INFO:colcon.colcon_core.shell:Creating environment descriptor '/home/jun/ros2_jazzy/src/install/robin_description/share/robin_description/hook/cmake_prefix_path.dsv'
[0.897s] INFO:colcon.colcon_core.shell:Creating environment hook '/home/jun/ros2_jazzy/src/install/robin_description/share/robin_description/hook/cmake_prefix_path.sh'
[0.898s] Level 1:colcon.colcon_core.environment:checking '/home/jun/ros2_jazzy/src/install/robin_description/bin'
[0.898s] Level 1:colcon.colcon_core.environment:checking '/home/jun/ros2_jazzy/src/install/robin_description/lib/pkgconfig/robin_description.pc'
[0.898s] Level 1:colcon.colcon_core.environment:checking '/home/jun/ros2_jazzy/src/install/robin_description/lib/python3.12/site-packages'
[0.898s] Level 1:colcon.colcon_core.environment:checking '/home/jun/ros2_jazzy/src/install/robin_description/bin'
[0.899s] INFO:colcon.colcon_core.shell:Creating package script '/home/jun/ros2_jazzy/src/install/robin_description/share/robin_description/package.ps1'
[0.899s] INFO:colcon.colcon_core.shell:Creating package descriptor '/home/jun/ros2_jazzy/src/install/robin_description/share/robin_description/package.dsv'
[0.900s] INFO:colcon.colcon_core.shell:Creating package script '/home/jun/ros2_jazzy/src/install/robin_description/share/robin_description/package.sh'
[0.900s] INFO:colcon.colcon_core.shell:Creating package script '/home/jun/ros2_jazzy/src/install/robin_description/share/robin_description/package.bash'
[0.900s] INFO:colcon.colcon_core.shell:Creating package script '/home/jun/ros2_jazzy/src/install/robin_description/share/robin_description/package.zsh'
[0.901s] Level 1:colcon.colcon_core.environment:create_file_with_runtime_dependencies(/home/jun/ros2_jazzy/src/install/robin_description/share/colcon-core/packages/robin_description)
[0.901s] Level 1:colcon.colcon_core.environment:create_environment_scripts_only(robin_description)
[0.901s] Level 1:colcon.colcon_core.environment:checking '/home/jun/ros2_jazzy/src/install/robin_description' for CMake module files
[0.902s] Level 1:colcon.colcon_core.environment:checking '/home/jun/ros2_jazzy/src/install/robin_description' for CMake config files
[0.902s] Level 1:colcon.colcon_core.shell:create_environment_hook('robin_description', 'cmake_prefix_path')
[0.902s] INFO:colcon.colcon_core.shell:Creating environment hook '/home/jun/ros2_jazzy/src/install/robin_description/share/robin_description/hook/cmake_prefix_path.ps1'
[0.903s] INFO:colcon.colcon_core.shell:Creating environment descriptor '/home/jun/ros2_jazzy/src/install/robin_description/share/robin_description/hook/cmake_prefix_path.dsv'
[0.903s] INFO:colcon.colcon_core.shell:Creating environment hook '/home/jun/ros2_jazzy/src/install/robin_description/share/robin_description/hook/cmake_prefix_path.sh'
[0.903s] Level 1:colcon.colcon_core.environment:checking '/home/jun/ros2_jazzy/src/install/robin_description/bin'
[0.903s] Level 1:colcon.colcon_core.environment:checking '/home/jun/ros2_jazzy/src/install/robin_description/lib/pkgconfig/robin_description.pc'
[0.904s] Level 1:colcon.colcon_core.environment:checking '/home/jun/ros2_jazzy/src/install/robin_description/lib/python3.12/site-packages'
[0.904s] Level 1:colcon.colcon_core.environment:checking '/home/jun/ros2_jazzy/src/install/robin_description/bin'
[0.905s] INFO:colcon.colcon_core.shell:Creating package script '/home/jun/ros2_jazzy/src/install/robin_description/share/robin_description/package.ps1'
[0.905s] INFO:colcon.colcon_core.shell:Creating package descriptor '/home/jun/ros2_jazzy/src/install/robin_description/share/robin_description/package.dsv'
[0.906s] INFO:colcon.colcon_core.shell:Creating package script '/home/jun/ros2_jazzy/src/install/robin_description/share/robin_description/package.sh'
[0.906s] INFO:colcon.colcon_core.shell:Creating package script '/home/jun/ros2_jazzy/src/install/robin_description/share/robin_description/package.bash'
[0.907s] INFO:colcon.colcon_core.shell:Creating package script '/home/jun/ros2_jazzy/src/install/robin_description/share/robin_description/package.zsh'
[0.907s] Level 1:colcon.colcon_core.environment:create_file_with_runtime_dependencies(/home/jun/ros2_jazzy/src/install/robin_description/share/colcon-core/packages/robin_description)
[1.533s] DEBUG:colcon.colcon_core.task.python.build:Available setuptools commands: upload_docs, install_data, setopt, build_py, symlink_data, test, bdist_egg, bdist_dumb, build_ext, rotate, build, install_scripts, editable_wheel, check, build_scripts, install_lib, bdist_rpm, saveopts, init_catalog, alias, ptr, bdist, develop, clean, register, pytest, upload, build_clib, install_headers, install_egg_info, install, easy_install, update_catalog, sdist, egg_info, compile_catalog, extract_messages, bdist_wheel, dist_info
[1.535s] DEBUG:colcon.colcon_core.event_handler.log_command:Invoking command in '/home/jun/ros2_jazzy/src/simple_mover': DEBUGINFOD_URLS=https://debuginfod.ubuntu.com PYTHONPATH=/home/jun/ros2_jazzy/src/build/simple_mover/prefix_override:/usr/lib/python3/dist-packages/colcon_core/task/python/colcon_distutils_commands:/home/jun/ros2_jazzy/src/install/simple_mover/lib/python3.12/site-packages:${PYTHONPATH} /usr/bin/python3 -W ignore:setup.py install is deprecated -W ignore:easy_install command is deprecated setup.py egg_info --egg-base ../build/simple_mover build --build-base /home/jun/ros2_jazzy/src/build/simple_mover/build install --record /home/jun/ros2_jazzy/src/build/simple_mover/install.log --install-scripts $base/lib/simple_mover --single-version-externally-managed install_data
[2.177s] Level 1:colcon.colcon_core.environment:checking '/home/jun/ros2_jazzy/src/install/simple_mover' for CMake module files
[2.177s] DEBUG:colcon.colcon_core.event_handler.log_command:Invoked command in '/home/jun/ros2_jazzy/src/simple_mover' returned '0': DEBUGINFOD_URLS=https://debuginfod.ubuntu.com PYTHONPATH=/home/jun/ros2_jazzy/src/build/simple_mover/prefix_override:/usr/lib/python3/dist-packages/colcon_core/task/python/colcon_distutils_commands:/home/jun/ros2_jazzy/src/install/simple_mover/lib/python3.12/site-packages:${PYTHONPATH} /usr/bin/python3 -W ignore:setup.py install is deprecated -W ignore:easy_install command is deprecated setup.py egg_info --egg-base ../build/simple_mover build --build-base /home/jun/ros2_jazzy/src/build/simple_mover/build install --record /home/jun/ros2_jazzy/src/build/simple_mover/install.log --install-scripts $base/lib/simple_mover --single-version-externally-managed install_data
[2.177s] Level 1:colcon.colcon_core.environment:checking '/home/jun/ros2_jazzy/src/install/simple_mover' for CMake config files
[2.178s] Level 1:colcon.colcon_core.environment:checking '/home/jun/ros2_jazzy/src/install/simple_mover/lib'
[2.178s] Level 1:colcon.colcon_core.environment:checking '/home/jun/ros2_jazzy/src/install/simple_mover/bin'
[2.178s] Level 1:colcon.colcon_core.environment:checking '/home/jun/ros2_jazzy/src/install/simple_mover/lib/pkgconfig/simple_mover.pc'
[2.179s] Level 1:colcon.colcon_core.environment:checking '/home/jun/ros2_jazzy/src/install/simple_mover/lib/python3.12/site-packages'
[2.179s] Level 1:colcon.colcon_core.shell:create_environment_hook('simple_mover', 'pythonpath')
[2.179s] INFO:colcon.colcon_core.shell:Creating environment hook '/home/jun/ros2_jazzy/src/install/simple_mover/share/simple_mover/hook/pythonpath.ps1'
[2.180s] INFO:colcon.colcon_core.shell:Creating environment descriptor '/home/jun/ros2_jazzy/src/install/simple_mover/share/simple_mover/hook/pythonpath.dsv'
[2.180s] INFO:colcon.colcon_core.shell:Creating environment hook '/home/jun/ros2_jazzy/src/install/simple_mover/share/simple_mover/hook/pythonpath.sh'
[2.181s] Level 1:colcon.colcon_core.environment:checking '/home/jun/ros2_jazzy/src/install/simple_mover/bin'
[2.181s] Level 1:colcon.colcon_core.environment:create_environment_scripts_only(simple_mover)
[2.181s] INFO:colcon.colcon_core.shell:Creating package script '/home/jun/ros2_jazzy/src/install/simple_mover/share/simple_mover/package.ps1'
[2.182s] INFO:colcon.colcon_core.shell:Creating package descriptor '/home/jun/ros2_jazzy/src/install/simple_mover/share/simple_mover/package.dsv'
[2.182s] INFO:colcon.colcon_core.shell:Creating package script '/home/jun/ros2_jazzy/src/install/simple_mover/share/simple_mover/package.sh'
[2.183s] INFO:colcon.colcon_core.shell:Creating package script '/home/jun/ros2_jazzy/src/install/simple_mover/share/simple_mover/package.bash'
[2.183s] INFO:colcon.colcon_core.shell:Creating package script '/home/jun/ros2_jazzy/src/install/simple_mover/share/simple_mover/package.zsh'
[2.183s] Level 1:colcon.colcon_core.environment:create_file_with_runtime_dependencies(/home/jun/ros2_jazzy/src/install/simple_mover/share/colcon-core/packages/simple_mover)
[2.183s] DEBUG:colcon.colcon_parallel_executor.executor.parallel:closing loop
[2.184s] DEBUG:colcon.colcon_parallel_executor.executor.parallel:loop closed
[2.184s] DEBUG:colcon.colcon_parallel_executor.executor.parallel:run_until_complete finished with '0'
[2.184s] DEBUG:colcon.colcon_core.event_reactor:joining thread
[2.192s] INFO:colcon.colcon_core.plugin_system:Skipping extension 'colcon_notification.desktop_notification.terminal_notifier': Not used on non-Darwin systems
[2.192s] INFO:colcon.colcon_core.plugin_system:Skipping extension 'colcon_notification.desktop_notification.win32': Not used on non-Windows systems
[2.192s] INFO:colcon.colcon_notification.desktop_notification:Sending desktop notification using 'notify2'
[2.206s] DEBUG:colcon.colcon_core.event_reactor:joined thread
[2.207s] INFO:colcon.colcon_core.shell:Creating prefix script '/home/jun/ros2_jazzy/src/install/local_setup.ps1'
[2.208s] INFO:colcon.colcon_core.shell:Creating prefix util module '/home/jun/ros2_jazzy/src/install/_local_setup_util_ps1.py'
[2.209s] INFO:colcon.colcon_core.shell:Creating prefix chain script '/home/jun/ros2_jazzy/src/install/setup.ps1'
[2.211s] INFO:colcon.colcon_core.shell:Creating prefix script '/home/jun/ros2_jazzy/src/install/local_setup.sh'
[2.212s] INFO:colcon.colcon_core.shell:Creating prefix util module '/home/jun/ros2_jazzy/src/install/_local_setup_util_sh.py'
[2.213s] INFO:colcon.colcon_core.shell:Creating prefix chain script '/home/jun/ros2_jazzy/src/install/setup.sh'
[2.214s] INFO:colcon.colcon_core.shell:Creating prefix script '/home/jun/ros2_jazzy/src/install/local_setup.bash'
[2.215s] INFO:colcon.colcon_core.shell:Creating prefix chain script '/home/jun/ros2_jazzy/src/install/setup.bash'
[2.216s] INFO:colcon.colcon_core.shell:Creating prefix script '/home/jun/ros2_jazzy/src/install/local_setup.zsh'
[2.216s] INFO:colcon.colcon_core.shell:Creating prefix chain script '/home/jun/ros2_jazzy/src/install/setup.zsh'
