-- The C compiler identification is GNU 13.3.0
-- The CXX compiler identification is GNU 13.3.0
-- Detecting C compiler ABI info
-- Detecting C compiler ABI info - done
-- Check for working C compiler: /usr/bin/cc - skipped
-- Detecting C compile features
-- Detecting C compile features - done
-- Detecting CXX compiler ABI info
-- Detecting CXX compiler ABI info - done
-- Check for working CXX compiler: /usr/bin/c++ - skipped
-- Detecting CXX compile features
-- Detecting CXX compile features - done
-- Found ament_cmake: 2.5.6 (/opt/ros/jazzy/share/ament_cmake/cmake)
-- Found Python3: /usr/bin/python3 (found version "3.12.3") found components: Interpreter 
-- Configuring done (0.8s)
-- Generating done (0.0s)
-- Build files have been written to: /home/jun/ros2_jazzy/src/build/robin_bringup
-- Install configuration: ""
-- Installing: /home/jun/ros2_jazzy/src/install/robin_bringup/share/robin_bringup//launch
-- Installing: /home/jun/ros2_jazzy/src/install/robin_bringup/share/robin_bringup//launch/my_robot_gazebo.launch.xml
-- Installing: /home/jun/ros2_jazzy/src/install/robin_bringup/share/robin_bringup//launch/my_robot_gazebo.launch.py
-- Installing: /home/jun/ros2_jazzy/src/install/robin_bringup/share/robin_bringup//config
-- Installing: /home/jun/ros2_jazzy/src/install/robin_bringup/share/robin_bringup//config/gazebo_bridge.yaml
-- Installing: /home/jun/ros2_jazzy/src/install/robin_bringup/share/robin_bringup//worlds
-- Installing: /home/jun/ros2_jazzy/src/install/robin_bringup/share/ament_index/resource_index/package_run_dependencies/robin_bringup
-- Installing: /home/jun/ros2_jazzy/src/install/robin_bringup/share/ament_index/resource_index/parent_prefix_path/robin_bringup
-- Installing: /home/jun/ros2_jazzy/src/install/robin_bringup/share/robin_bringup/environment/ament_prefix_path.sh
-- Installing: /home/jun/ros2_jazzy/src/install/robin_bringup/share/robin_bringup/environment/ament_prefix_path.dsv
-- Installing: /home/jun/ros2_jazzy/src/install/robin_bringup/share/robin_bringup/environment/path.sh
-- Installing: /home/jun/ros2_jazzy/src/install/robin_bringup/share/robin_bringup/environment/path.dsv
-- Installing: /home/jun/ros2_jazzy/src/install/robin_bringup/share/robin_bringup/local_setup.bash
-- Installing: /home/jun/ros2_jazzy/src/install/robin_bringup/share/robin_bringup/local_setup.sh
-- Installing: /home/jun/ros2_jazzy/src/install/robin_bringup/share/robin_bringup/local_setup.zsh
-- Installing: /home/jun/ros2_jazzy/src/install/robin_bringup/share/robin_bringup/local_setup.dsv
-- Installing: /home/jun/ros2_jazzy/src/install/robin_bringup/share/robin_bringup/package.dsv
-- Installing: /home/jun/ros2_jazzy/src/install/robin_bringup/share/ament_index/resource_index/packages/robin_bringup
-- Installing: /home/jun/ros2_jazzy/src/install/robin_bringup/share/robin_bringup/cmake/robin_bringupConfig.cmake
-- Installing: /home/jun/ros2_jazzy/src/install/robin_bringup/share/robin_bringup/cmake/robin_bringupConfig-version.cmake
-- Installing: /home/jun/ros2_jazzy/src/install/robin_bringup/share/robin_bringup/package.xml
