[0.019s] Invoking command in '/home/jun/ros2_jazzy/src/build/robin_bringup': CMAKE_PREFIX_PATH=${CMAKE_PREFIX_PATH}:/home/jun/ros2_jazzy/install/simple_mover:/opt/ros/jazzy DEBUGINFOD_URLS=https://debuginfod.ubuntu.com /usr/bin/cmake /home/jun/ros2_jazzy/src/robin_bringup -DCMAKE_INSTALL_PREFIX=/home/jun/ros2_jazzy/src/install/robin_bringup
[0.167s] -- The C compiler identification is GNU 13.3.0
[0.275s] -- The CXX compiler identification is GNU 13.3.0
[0.294s] -- Detecting C compiler ABI info
[0.392s] -- Detecting C compiler ABI info - done
[0.400s] -- Check for working C compiler: /usr/bin/cc - skipped
[0.400s] -- Detecting C compile features
[0.401s] -- Detecting C compile features - done
[0.411s] -- Detecting CXX compiler ABI info
[0.511s] -- Detecting CXX compiler ABI info - done
[0.519s] -- Check for working CXX compiler: /usr/bin/c++ - skipped
[0.519s] -- Detecting CXX compile features
[0.520s] -- Detecting CXX compile features - done
[0.529s] -- Found ament_cmake: 2.5.6 (/opt/ros/jazzy/share/ament_cmake/cmake)
[0.676s] -- Found Python3: /usr/bin/python3 (found version "3.12.3") found components: Interpreter 
[0.884s] -- Configuring done (0.8s)
[0.887s] -- Generating done (0.0s)
[0.889s] -- Build files have been written to: /home/jun/ros2_jazzy/src/build/robin_bringup
[0.894s] Invoked command in '/home/jun/ros2_jazzy/src/build/robin_bringup' returned '0': CMAKE_PREFIX_PATH=${CMAKE_PREFIX_PATH}:/home/jun/ros2_jazzy/install/simple_mover:/opt/ros/jazzy DEBUGINFOD_URLS=https://debuginfod.ubuntu.com /usr/bin/cmake /home/jun/ros2_jazzy/src/robin_bringup -DCMAKE_INSTALL_PREFIX=/home/jun/ros2_jazzy/src/install/robin_bringup
[0.895s] Invoking command in '/home/jun/ros2_jazzy/src/build/robin_bringup': CMAKE_PREFIX_PATH=${CMAKE_PREFIX_PATH}:/home/jun/ros2_jazzy/install/simple_mover:/opt/ros/jazzy DEBUGINFOD_URLS=https://debuginfod.ubuntu.com /usr/bin/cmake --build /home/jun/ros2_jazzy/src/build/robin_bringup -- -j12 -l12
[0.939s] Invoked command in '/home/jun/ros2_jazzy/src/build/robin_bringup' returned '0': CMAKE_PREFIX_PATH=${CMAKE_PREFIX_PATH}:/home/jun/ros2_jazzy/install/simple_mover:/opt/ros/jazzy DEBUGINFOD_URLS=https://debuginfod.ubuntu.com /usr/bin/cmake --build /home/jun/ros2_jazzy/src/build/robin_bringup -- -j12 -l12
[0.950s] Invoking command in '/home/jun/ros2_jazzy/src/build/robin_bringup': CMAKE_PREFIX_PATH=${CMAKE_PREFIX_PATH}:/home/jun/ros2_jazzy/install/simple_mover:/opt/ros/jazzy DEBUGINFOD_URLS=https://debuginfod.ubuntu.com /usr/bin/cmake --install /home/jun/ros2_jazzy/src/build/robin_bringup
[0.961s] -- Install configuration: ""
[0.961s] -- Installing: /home/jun/ros2_jazzy/src/install/robin_bringup/share/robin_bringup//launch
[0.961s] -- Installing: /home/jun/ros2_jazzy/src/install/robin_bringup/share/robin_bringup//launch/my_robot_gazebo.launch.xml
[0.961s] -- Installing: /home/jun/ros2_jazzy/src/install/robin_bringup/share/robin_bringup//launch/my_robot_gazebo.launch.py
[0.962s] -- Installing: /home/jun/ros2_jazzy/src/install/robin_bringup/share/robin_bringup//config
[0.962s] -- Installing: /home/jun/ros2_jazzy/src/install/robin_bringup/share/robin_bringup//config/gazebo_bridge.yaml
[0.962s] -- Installing: /home/jun/ros2_jazzy/src/install/robin_bringup/share/robin_bringup//worlds
[0.962s] -- Installing: /home/jun/ros2_jazzy/src/install/robin_bringup/share/ament_index/resource_index/package_run_dependencies/robin_bringup
[0.962s] -- Installing: /home/jun/ros2_jazzy/src/install/robin_bringup/share/ament_index/resource_index/parent_prefix_path/robin_bringup
[0.962s] -- Installing: /home/jun/ros2_jazzy/src/install/robin_bringup/share/robin_bringup/environment/ament_prefix_path.sh
[0.963s] -- Installing: /home/jun/ros2_jazzy/src/install/robin_bringup/share/robin_bringup/environment/ament_prefix_path.dsv
[0.963s] -- Installing: /home/jun/ros2_jazzy/src/install/robin_bringup/share/robin_bringup/environment/path.sh
[0.963s] -- Installing: /home/jun/ros2_jazzy/src/install/robin_bringup/share/robin_bringup/environment/path.dsv
[0.963s] -- Installing: /home/jun/ros2_jazzy/src/install/robin_bringup/share/robin_bringup/local_setup.bash
[0.963s] -- Installing: /home/jun/ros2_jazzy/src/install/robin_bringup/share/robin_bringup/local_setup.sh
[0.963s] -- Installing: /home/jun/ros2_jazzy/src/install/robin_bringup/share/robin_bringup/local_setup.zsh
[0.964s] -- Installing: /home/jun/ros2_jazzy/src/install/robin_bringup/share/robin_bringup/local_setup.dsv
[0.964s] -- Installing: /home/jun/ros2_jazzy/src/install/robin_bringup/share/robin_bringup/package.dsv
[0.964s] -- Installing: /home/jun/ros2_jazzy/src/install/robin_bringup/share/ament_index/resource_index/packages/robin_bringup
[0.964s] -- Installing: /home/jun/ros2_jazzy/src/install/robin_bringup/share/robin_bringup/cmake/robin_bringupConfig.cmake
[0.964s] -- Installing: /home/jun/ros2_jazzy/src/install/robin_bringup/share/robin_bringup/cmake/robin_bringupConfig-version.cmake
[0.964s] -- Installing: /home/jun/ros2_jazzy/src/install/robin_bringup/share/robin_bringup/package.xml
[0.966s] Invoked command in '/home/jun/ros2_jazzy/src/build/robin_bringup' returned '0': CMAKE_PREFIX_PATH=${CMAKE_PREFIX_PATH}:/home/jun/ros2_jazzy/install/simple_mover:/opt/ros/jazzy DEBUGINFOD_URLS=https://debuginfod.ubuntu.com /usr/bin/cmake --install /home/jun/ros2_jazzy/src/build/robin_bringup
