[0.249s] DEBUG:colcon:Command line arguments: ['/usr/bin/colcon', 'build']
[0.250s] DEBUG:colcon:Parsed command line arguments: Namespace(log_base=None, log_level=None, verb_name='build', build_base='build', install_base='install', merge_install=False, symlink_install=False, test_result_base=None, continue_on_error=False, executor='parallel', parallel_workers=12, event_handlers=None, ignore_user_meta=False, metas=['./colcon.meta'], base_paths=['.'], packages_ignore=None, packages_ignore_regex=None, paths=None, packages_up_to=None, packages_up_to_regex=None, packages_above=None, packages_above_and_dependencies=None, packages_above_depth=None, packages_select_by_dep=None, packages_skip_by_dep=None, packages_skip_up_to=None, packages_select_build_failed=False, packages_skip_build_finished=False, packages_select_test_failures=False, packages_skip_test_passed=False, packages_select=None, packages_skip=None, packages_select_regex=None, packages_skip_regex=None, packages_start=None, packages_end=None, allow_overriding=[], cmake_args=None, cmake_target=None, cmake_target_skip_unavailable=False, cmake_clean_cache=False, cmake_clean_first=False, cmake_force_configure=False, ament_cmake_args=None, catkin_cmake_args=None, catkin_skip_building_tests=False, mixin_files=None, mixin=None, verb_parser=<colcon_mixin.mixin.mixin_argument.MixinArgumentDecorator object at 0x7490b2a85310>, verb_extension=<colcon_core.verb.build.BuildVerb object at 0x7490b2a850a0>, main=<bound method BuildVerb.main of <colcon_core.verb.build.BuildVerb object at 0x7490b2a850a0>>, mixin_verb=('build',))
[0.302s] Level 1:colcon.colcon_core.package_discovery:discover_packages(colcon_meta) check parameters
[0.302s] Level 1:colcon.colcon_core.package_discovery:discover_packages(recursive) check parameters
[0.302s] Level 1:colcon.colcon_core.package_discovery:discover_packages(ignore) check parameters
[0.302s] Level 1:colcon.colcon_core.package_discovery:discover_packages(path) check parameters
[0.302s] Level 1:colcon.colcon_core.package_discovery:discover_packages(colcon_meta) discover
[0.302s] Level 1:colcon.colcon_core.package_discovery:discover_packages(recursive) discover
[0.302s] INFO:colcon.colcon_core.package_discovery:Crawling recursively for packages in '/home/jun/ros2_jazzy/src'
[0.302s] Level 1:colcon.colcon_core.package_identification:_identify(.) by extensions ['ignore', 'ignore_ament_install']
[0.302s] Level 1:colcon.colcon_core.package_identification:_identify(.) by extension 'ignore'
[0.302s] Level 1:colcon.colcon_core.package_identification:_identify(.) by extension 'ignore_ament_install'
[0.302s] Level 1:colcon.colcon_core.package_identification:_identify(.) by extensions ['colcon_pkg']
[0.302s] Level 1:colcon.colcon_core.package_identification:_identify(.) by extension 'colcon_pkg'
[0.302s] Level 1:colcon.colcon_core.package_identification:_identify(.) by extensions ['colcon_meta']
[0.302s] Level 1:colcon.colcon_core.package_identification:_identify(.) by extension 'colcon_meta'
[0.302s] Level 1:colcon.colcon_core.package_identification:_identify(.) by extensions ['ros']
[0.302s] Level 1:colcon.colcon_core.package_identification:_identify(.) by extension 'ros'
[0.322s] Level 1:colcon.colcon_core.package_identification:_identify(.) by extensions ['cmake', 'python']
[0.322s] Level 1:colcon.colcon_core.package_identification:_identify(.) by extension 'cmake'
[0.322s] Level 1:colcon.colcon_core.package_identification:_identify(.) by extension 'python'
[0.322s] Level 1:colcon.colcon_core.package_identification:_identify(.) by extensions ['python_setup_py']
[0.322s] Level 1:colcon.colcon_core.package_identification:_identify(.) by extension 'python_setup_py'
[0.322s] Level 1:colcon.colcon_core.package_identification:_identify(build) by extensions ['ignore', 'ignore_ament_install']
[0.322s] Level 1:colcon.colcon_core.package_identification:_identify(build) by extension 'ignore'
[0.322s] Level 1:colcon.colcon_core.package_identification:_identify(build) ignored
[0.322s] Level 1:colcon.colcon_core.package_identification:_identify(install) by extensions ['ignore', 'ignore_ament_install']
[0.322s] Level 1:colcon.colcon_core.package_identification:_identify(install) by extension 'ignore'
[0.322s] Level 1:colcon.colcon_core.package_identification:_identify(install) ignored
[0.322s] Level 1:colcon.colcon_core.package_identification:_identify(log) by extensions ['ignore', 'ignore_ament_install']
[0.322s] Level 1:colcon.colcon_core.package_identification:_identify(log) by extension 'ignore'
[0.322s] Level 1:colcon.colcon_core.package_identification:_identify(log) ignored
[0.323s] Level 1:colcon.colcon_core.package_identification:_identify(robin_bringup) by extensions ['ignore', 'ignore_ament_install']
[0.323s] Level 1:colcon.colcon_core.package_identification:_identify(robin_bringup) by extension 'ignore'
[0.323s] Level 1:colcon.colcon_core.package_identification:_identify(robin_bringup) by extension 'ignore_ament_install'
[0.323s] Level 1:colcon.colcon_core.package_identification:_identify(robin_bringup) by extensions ['colcon_pkg']
[0.323s] Level 1:colcon.colcon_core.package_identification:_identify(robin_bringup) by extension 'colcon_pkg'
[0.323s] Level 1:colcon.colcon_core.package_identification:_identify(robin_bringup) by extensions ['colcon_meta']
[0.323s] Level 1:colcon.colcon_core.package_identification:_identify(robin_bringup) by extension 'colcon_meta'
[0.323s] Level 1:colcon.colcon_core.package_identification:_identify(robin_bringup) by extensions ['ros']
[0.323s] Level 1:colcon.colcon_core.package_identification:_identify(robin_bringup) by extension 'ros'
[0.325s] DEBUG:colcon.colcon_core.package_identification:Package 'robin_bringup' with type 'ros.ament_cmake' and name 'robin_bringup'
[0.325s] Level 1:colcon.colcon_core.package_identification:_identify(robin_description) by extensions ['ignore', 'ignore_ament_install']
[0.326s] Level 1:colcon.colcon_core.package_identification:_identify(robin_description) by extension 'ignore'
[0.326s] Level 1:colcon.colcon_core.package_identification:_identify(robin_description) by extension 'ignore_ament_install'
[0.326s] Level 1:colcon.colcon_core.package_identification:_identify(robin_description) by extensions ['colcon_pkg']
[0.326s] Level 1:colcon.colcon_core.package_identification:_identify(robin_description) by extension 'colcon_pkg'
[0.326s] Level 1:colcon.colcon_core.package_identification:_identify(robin_description) by extensions ['colcon_meta']
[0.326s] Level 1:colcon.colcon_core.package_identification:_identify(robin_description) by extension 'colcon_meta'
[0.326s] Level 1:colcon.colcon_core.package_identification:_identify(robin_description) by extensions ['ros']
[0.326s] Level 1:colcon.colcon_core.package_identification:_identify(robin_description) by extension 'ros'
[0.327s] DEBUG:colcon.colcon_core.package_identification:Package 'robin_description' with type 'ros.ament_cmake' and name 'robin_description'
[0.327s] Level 1:colcon.colcon_core.package_identification:_identify(simple_mover) by extensions ['ignore', 'ignore_ament_install']
[0.327s] Level 1:colcon.colcon_core.package_identification:_identify(simple_mover) by extension 'ignore'
[0.327s] Level 1:colcon.colcon_core.package_identification:_identify(simple_mover) by extension 'ignore_ament_install'
[0.327s] Level 1:colcon.colcon_core.package_identification:_identify(simple_mover) by extensions ['colcon_pkg']
[0.327s] Level 1:colcon.colcon_core.package_identification:_identify(simple_mover) by extension 'colcon_pkg'
[0.327s] Level 1:colcon.colcon_core.package_identification:_identify(simple_mover) by extensions ['colcon_meta']
[0.327s] Level 1:colcon.colcon_core.package_identification:_identify(simple_mover) by extension 'colcon_meta'
[0.327s] Level 1:colcon.colcon_core.package_identification:_identify(simple_mover) by extensions ['ros']
[0.327s] Level 1:colcon.colcon_core.package_identification:_identify(simple_mover) by extension 'ros'
[0.328s] DEBUG:colcon.colcon_core.package_identification:Package 'simple_mover' with type 'ros.ament_python' and name 'simple_mover'
[0.328s] Level 1:colcon.colcon_core.package_discovery:discover_packages(recursive) using defaults
[0.328s] Level 1:colcon.colcon_core.package_discovery:discover_packages(ignore) discover
[0.328s] Level 1:colcon.colcon_core.package_discovery:discover_packages(ignore) using defaults
[0.328s] Level 1:colcon.colcon_core.package_discovery:discover_packages(path) discover
[0.328s] Level 1:colcon.colcon_core.package_discovery:discover_packages(path) using defaults
[0.348s] Level 1:colcon.colcon_core.package_discovery:discover_packages(prefix_path) check parameters
[0.348s] Level 1:colcon.colcon_core.package_discovery:discover_packages(prefix_path) discover
[0.351s] DEBUG:colcon.colcon_installed_package_information.package_discovery:Found 3 installed packages in /home/jun/ros2_jazzy/install
[0.352s] DEBUG:colcon.colcon_installed_package_information.package_discovery:Found 310 installed packages in /opt/ros/jazzy
[0.353s] Level 1:colcon.colcon_core.package_discovery:discover_packages(prefix_path) using defaults
[0.392s] Level 5:colcon.colcon_core.verb:set package 'robin_bringup' build argument 'cmake_args' from command line to 'None'
[0.392s] Level 5:colcon.colcon_core.verb:set package 'robin_bringup' build argument 'cmake_target' from command line to 'None'
[0.392s] Level 5:colcon.colcon_core.verb:set package 'robin_bringup' build argument 'cmake_target_skip_unavailable' from command line to 'False'
[0.392s] Level 5:colcon.colcon_core.verb:set package 'robin_bringup' build argument 'cmake_clean_cache' from command line to 'False'
[0.392s] Level 5:colcon.colcon_core.verb:set package 'robin_bringup' build argument 'cmake_clean_first' from command line to 'False'
[0.392s] Level 5:colcon.colcon_core.verb:set package 'robin_bringup' build argument 'cmake_force_configure' from command line to 'False'
[0.392s] Level 5:colcon.colcon_core.verb:set package 'robin_bringup' build argument 'ament_cmake_args' from command line to 'None'
[0.392s] Level 5:colcon.colcon_core.verb:set package 'robin_bringup' build argument 'catkin_cmake_args' from command line to 'None'
[0.392s] Level 5:colcon.colcon_core.verb:set package 'robin_bringup' build argument 'catkin_skip_building_tests' from command line to 'False'
[0.392s] DEBUG:colcon.colcon_core.verb:Building package 'robin_bringup' with the following arguments: {'ament_cmake_args': None, 'build_base': '/home/jun/ros2_jazzy/src/build/robin_bringup', 'catkin_cmake_args': None, 'catkin_skip_building_tests': False, 'cmake_args': None, 'cmake_clean_cache': False, 'cmake_clean_first': False, 'cmake_force_configure': False, 'cmake_target': None, 'cmake_target_skip_unavailable': False, 'install_base': '/home/jun/ros2_jazzy/src/install/robin_bringup', 'merge_install': False, 'path': '/home/jun/ros2_jazzy/src/robin_bringup', 'symlink_install': False, 'test_result_base': None}
[0.393s] Level 5:colcon.colcon_core.verb:set package 'robin_description' build argument 'cmake_args' from command line to 'None'
[0.393s] Level 5:colcon.colcon_core.verb:set package 'robin_description' build argument 'cmake_target' from command line to 'None'
[0.393s] Level 5:colcon.colcon_core.verb:set package 'robin_description' build argument 'cmake_target_skip_unavailable' from command line to 'False'
[0.393s] Level 5:colcon.colcon_core.verb:set package 'robin_description' build argument 'cmake_clean_cache' from command line to 'False'
[0.393s] Level 5:colcon.colcon_core.verb:set package 'robin_description' build argument 'cmake_clean_first' from command line to 'False'
[0.393s] Level 5:colcon.colcon_core.verb:set package 'robin_description' build argument 'cmake_force_configure' from command line to 'False'
[0.393s] Level 5:colcon.colcon_core.verb:set package 'robin_description' build argument 'ament_cmake_args' from command line to 'None'
[0.393s] Level 5:colcon.colcon_core.verb:set package 'robin_description' build argument 'catkin_cmake_args' from command line to 'None'
[0.393s] Level 5:colcon.colcon_core.verb:set package 'robin_description' build argument 'catkin_skip_building_tests' from command line to 'False'
[0.393s] DEBUG:colcon.colcon_core.verb:Building package 'robin_description' with the following arguments: {'ament_cmake_args': None, 'build_base': '/home/jun/ros2_jazzy/src/build/robin_description', 'catkin_cmake_args': None, 'catkin_skip_building_tests': False, 'cmake_args': None, 'cmake_clean_cache': False, 'cmake_clean_first': False, 'cmake_force_configure': False, 'cmake_target': None, 'cmake_target_skip_unavailable': False, 'install_base': '/home/jun/ros2_jazzy/src/install/robin_description', 'merge_install': False, 'path': '/home/jun/ros2_jazzy/src/robin_description', 'symlink_install': False, 'test_result_base': None}
[0.393s] Level 5:colcon.colcon_core.verb:set package 'simple_mover' build argument 'cmake_args' from command line to 'None'
[0.393s] Level 5:colcon.colcon_core.verb:set package 'simple_mover' build argument 'cmake_target' from command line to 'None'
[0.393s] Level 5:colcon.colcon_core.verb:set package 'simple_mover' build argument 'cmake_target_skip_unavailable' from command line to 'False'
[0.393s] Level 5:colcon.colcon_core.verb:set package 'simple_mover' build argument 'cmake_clean_cache' from command line to 'False'
[0.393s] Level 5:colcon.colcon_core.verb:set package 'simple_mover' build argument 'cmake_clean_first' from command line to 'False'
[0.393s] Level 5:colcon.colcon_core.verb:set package 'simple_mover' build argument 'cmake_force_configure' from command line to 'False'
[0.393s] Level 5:colcon.colcon_core.verb:set package 'simple_mover' build argument 'ament_cmake_args' from command line to 'None'
[0.393s] Level 5:colcon.colcon_core.verb:set package 'simple_mover' build argument 'catkin_cmake_args' from command line to 'None'
[0.393s] Level 5:colcon.colcon_core.verb:set package 'simple_mover' build argument 'catkin_skip_building_tests' from command line to 'False'
[0.393s] DEBUG:colcon.colcon_core.verb:Building package 'simple_mover' with the following arguments: {'ament_cmake_args': None, 'build_base': '/home/jun/ros2_jazzy/src/build/simple_mover', 'catkin_cmake_args': None, 'catkin_skip_building_tests': False, 'cmake_args': None, 'cmake_clean_cache': False, 'cmake_clean_first': False, 'cmake_force_configure': False, 'cmake_target': None, 'cmake_target_skip_unavailable': False, 'install_base': '/home/jun/ros2_jazzy/src/install/simple_mover', 'merge_install': False, 'path': '/home/jun/ros2_jazzy/src/simple_mover', 'symlink_install': False, 'test_result_base': None}
[0.393s] INFO:colcon.colcon_core.executor:Executing jobs using 'parallel' executor
[0.394s] DEBUG:colcon.colcon_parallel_executor.executor.parallel:run_until_complete
[0.394s] INFO:colcon.colcon_ros.task.ament_cmake.build:Building ROS package in '/home/jun/ros2_jazzy/src/robin_bringup' with build type 'ament_cmake'
[0.394s] INFO:colcon.colcon_cmake.task.cmake.build:Building CMake package in '/home/jun/ros2_jazzy/src/robin_bringup'
[0.398s] INFO:colcon.colcon_core.plugin_system:Skipping extension 'colcon_core.shell.bat': Not used on non-Windows systems
[0.398s] INFO:colcon.colcon_core.shell:Skip shell extension 'powershell' for command environment: Not usable outside of PowerShell
[0.398s] DEBUG:colcon.colcon_core.shell:Skip shell extension 'dsv' for command environment
[0.402s] INFO:colcon.colcon_ros.task.ament_cmake.build:Building ROS package in '/home/jun/ros2_jazzy/src/robin_description' with build type 'ament_cmake'
[0.402s] INFO:colcon.colcon_cmake.task.cmake.build:Building CMake package in '/home/jun/ros2_jazzy/src/robin_description'
[0.402s] INFO:colcon.colcon_core.shell:Skip shell extension 'powershell' for command environment: Not usable outside of PowerShell
[0.402s] DEBUG:colcon.colcon_core.shell:Skip shell extension 'dsv' for command environment
[0.405s] INFO:colcon.colcon_ros.task.ament_python.build:Building ROS package in '/home/jun/ros2_jazzy/src/simple_mover' with build type 'ament_python'
[0.405s] Level 1:colcon.colcon_core.shell:create_environment_hook('simple_mover', 'ament_prefix_path')
[0.405s] INFO:colcon.colcon_core.shell:Creating environment hook '/home/jun/ros2_jazzy/src/install/simple_mover/share/simple_mover/hook/ament_prefix_path.ps1'
[0.406s] INFO:colcon.colcon_core.shell:Creating environment descriptor '/home/jun/ros2_jazzy/src/install/simple_mover/share/simple_mover/hook/ament_prefix_path.dsv'
[0.406s] INFO:colcon.colcon_core.shell:Creating environment hook '/home/jun/ros2_jazzy/src/install/simple_mover/share/simple_mover/hook/ament_prefix_path.sh'
[0.407s] INFO:colcon.colcon_core.shell:Skip shell extension 'powershell' for command environment: Not usable outside of PowerShell
[0.407s] DEBUG:colcon.colcon_core.shell:Skip shell extension 'dsv' for command environment
[0.413s] DEBUG:colcon.colcon_core.event_handler.log_command:Invoking command in '/home/jun/ros2_jazzy/src/build/robin_bringup': CMAKE_PREFIX_PATH=${CMAKE_PREFIX_PATH}:/home/jun/ros2_jazzy/install/simple_mover:/opt/ros/jazzy DEBUGINFOD_URLS=https://debuginfod.ubuntu.com /usr/bin/cmake /home/jun/ros2_jazzy/src/robin_bringup -DCMAKE_INSTALL_PREFIX=/home/jun/ros2_jazzy/src/install/robin_bringup
[0.415s] DEBUG:colcon.colcon_core.event_handler.log_command:Invoking command in '/home/jun/ros2_jazzy/src/build/robin_description': CMAKE_PREFIX_PATH=${CMAKE_PREFIX_PATH}:/home/jun/ros2_jazzy/install/simple_mover:/opt/ros/jazzy DEBUGINFOD_URLS=https://debuginfod.ubuntu.com /usr/bin/cmake /home/jun/ros2_jazzy/src/robin_description -DCMAKE_INSTALL_PREFIX=/home/jun/ros2_jazzy/src/install/robin_description
[0.608s] INFO:colcon.colcon_core.task.python.build:Building Python package in '/home/jun/ros2_jazzy/src/simple_mover'
[0.608s] INFO:colcon.colcon_core.shell:Skip shell extension 'powershell' for command environment: Not usable outside of PowerShell
[0.608s] DEBUG:colcon.colcon_core.shell:Skip shell extension 'dsv' for command environment
[1.289s] DEBUG:colcon.colcon_core.event_handler.log_command:Invoked command in '/home/jun/ros2_jazzy/src/build/robin_bringup' returned '0': CMAKE_PREFIX_PATH=${CMAKE_PREFIX_PATH}:/home/jun/ros2_jazzy/install/simple_mover:/opt/ros/jazzy DEBUGINFOD_URLS=https://debuginfod.ubuntu.com /usr/bin/cmake /home/jun/ros2_jazzy/src/robin_bringup -DCMAKE_INSTALL_PREFIX=/home/jun/ros2_jazzy/src/install/robin_bringup
[1.290s] DEBUG:colcon.colcon_core.event_handler.log_command:Invoking command in '/home/jun/ros2_jazzy/src/build/robin_bringup': CMAKE_PREFIX_PATH=${CMAKE_PREFIX_PATH}:/home/jun/ros2_jazzy/install/simple_mover:/opt/ros/jazzy DEBUGINFOD_URLS=https://debuginfod.ubuntu.com /usr/bin/cmake --build /home/jun/ros2_jazzy/src/build/robin_bringup -- -j12 -l12
[1.291s] DEBUG:colcon.colcon_core.event_handler.log_command:Invoked command in '/home/jun/ros2_jazzy/src/build/robin_description' returned '0': CMAKE_PREFIX_PATH=${CMAKE_PREFIX_PATH}:/home/jun/ros2_jazzy/install/simple_mover:/opt/ros/jazzy DEBUGINFOD_URLS=https://debuginfod.ubuntu.com /usr/bin/cmake /home/jun/ros2_jazzy/src/robin_description -DCMAKE_INSTALL_PREFIX=/home/jun/ros2_jazzy/src/install/robin_description
[1.291s] DEBUG:colcon.colcon_core.event_handler.log_command:Invoking command in '/home/jun/ros2_jazzy/src/build/robin_description': CMAKE_PREFIX_PATH=${CMAKE_PREFIX_PATH}:/home/jun/ros2_jazzy/install/simple_mover:/opt/ros/jazzy DEBUGINFOD_URLS=https://debuginfod.ubuntu.com /usr/bin/cmake --build /home/jun/ros2_jazzy/src/build/robin_description -- -j12 -l12
[1.333s] DEBUG:colcon.colcon_core.event_handler.log_command:Invoked command in '/home/jun/ros2_jazzy/src/build/robin_bringup' returned '0': CMAKE_PREFIX_PATH=${CMAKE_PREFIX_PATH}:/home/jun/ros2_jazzy/install/simple_mover:/opt/ros/jazzy DEBUGINFOD_URLS=https://debuginfod.ubuntu.com /usr/bin/cmake --build /home/jun/ros2_jazzy/src/build/robin_bringup -- -j12 -l12
[1.344s] DEBUG:colcon.colcon_core.event_handler.log_command:Invoking command in '/home/jun/ros2_jazzy/src/build/robin_bringup': CMAKE_PREFIX_PATH=${CMAKE_PREFIX_PATH}:/home/jun/ros2_jazzy/install/simple_mover:/opt/ros/jazzy DEBUGINFOD_URLS=https://debuginfod.ubuntu.com /usr/bin/cmake --install /home/jun/ros2_jazzy/src/build/robin_bringup
[1.345s] DEBUG:colcon.colcon_core.task.python.build:Available setuptools commands: check, install_data, install_lib, develop, build_scripts, build_ext, saveopts, install_headers, setopt, extract_messages, bdist_dumb, pytest, editable_wheel, bdist_egg, install, alias, test, symlink_data, update_catalog, clean, build, install_scripts, compile_catalog, build_py, bdist_wheel, sdist, register, upload, install_egg_info, upload_docs, dist_info, bdist, egg_info, rotate, bdist_rpm, easy_install, init_catalog, build_clib, ptr
[1.346s] DEBUG:colcon.colcon_core.event_handler.log_command:Invoking command in '/home/jun/ros2_jazzy/src/simple_mover': DEBUGINFOD_URLS=https://debuginfod.ubuntu.com PYTHONPATH=/home/jun/ros2_jazzy/src/build/simple_mover/prefix_override:/usr/lib/python3/dist-packages/colcon_core/task/python/colcon_distutils_commands:/home/jun/ros2_jazzy/src/install/simple_mover/lib/python3.12/site-packages:${PYTHONPATH} /usr/bin/python3 -W ignore:setup.py install is deprecated -W ignore:easy_install command is deprecated setup.py egg_info --egg-base ../build/simple_mover build --build-base /home/jun/ros2_jazzy/src/build/simple_mover/build install --record /home/jun/ros2_jazzy/src/build/simple_mover/install.log --install-scripts $base/lib/simple_mover --single-version-externally-managed install_data
[1.360s] Level 1:colcon.colcon_core.environment:create_environment_scripts_only(robin_bringup)
[1.361s] DEBUG:colcon.colcon_core.event_handler.log_command:Invoked command in '/home/jun/ros2_jazzy/src/build/robin_bringup' returned '0': CMAKE_PREFIX_PATH=${CMAKE_PREFIX_PATH}:/home/jun/ros2_jazzy/install/simple_mover:/opt/ros/jazzy DEBUGINFOD_URLS=https://debuginfod.ubuntu.com /usr/bin/cmake --install /home/jun/ros2_jazzy/src/build/robin_bringup
[1.366s] Level 1:colcon.colcon_core.environment:checking '/home/jun/ros2_jazzy/src/install/robin_bringup' for CMake module files
[1.366s] Level 1:colcon.colcon_core.environment:checking '/home/jun/ros2_jazzy/src/install/robin_bringup' for CMake config files
[1.366s] Level 1:colcon.colcon_core.shell:create_environment_hook('robin_bringup', 'cmake_prefix_path')
[1.367s] INFO:colcon.colcon_core.shell:Creating environment hook '/home/jun/ros2_jazzy/src/install/robin_bringup/share/robin_bringup/hook/cmake_prefix_path.ps1'
[1.367s] INFO:colcon.colcon_core.shell:Creating environment descriptor '/home/jun/ros2_jazzy/src/install/robin_bringup/share/robin_bringup/hook/cmake_prefix_path.dsv'
[1.367s] INFO:colcon.colcon_core.shell:Creating environment hook '/home/jun/ros2_jazzy/src/install/robin_bringup/share/robin_bringup/hook/cmake_prefix_path.sh'
[1.368s] Level 1:colcon.colcon_core.environment:checking '/home/jun/ros2_jazzy/src/install/robin_bringup/bin'
[1.368s] Level 1:colcon.colcon_core.environment:checking '/home/jun/ros2_jazzy/src/install/robin_bringup/lib/pkgconfig/robin_bringup.pc'
[1.368s] Level 1:colcon.colcon_core.environment:checking '/home/jun/ros2_jazzy/src/install/robin_bringup/lib/python3.12/site-packages'
[1.368s] Level 1:colcon.colcon_core.environment:checking '/home/jun/ros2_jazzy/src/install/robin_bringup/bin'
[1.368s] INFO:colcon.colcon_core.shell:Creating package script '/home/jun/ros2_jazzy/src/install/robin_bringup/share/robin_bringup/package.ps1'
[1.369s] INFO:colcon.colcon_core.shell:Creating package descriptor '/home/jun/ros2_jazzy/src/install/robin_bringup/share/robin_bringup/package.dsv'
[1.370s] INFO:colcon.colcon_core.shell:Creating package script '/home/jun/ros2_jazzy/src/install/robin_bringup/share/robin_bringup/package.sh'
[1.371s] INFO:colcon.colcon_core.shell:Creating package script '/home/jun/ros2_jazzy/src/install/robin_bringup/share/robin_bringup/package.bash'
[1.371s] INFO:colcon.colcon_core.shell:Creating package script '/home/jun/ros2_jazzy/src/install/robin_bringup/share/robin_bringup/package.zsh'
[1.372s] Level 1:colcon.colcon_core.environment:create_file_with_runtime_dependencies(/home/jun/ros2_jazzy/src/install/robin_bringup/share/colcon-core/packages/robin_bringup)
[1.373s] Level 1:colcon.colcon_core.environment:create_environment_scripts_only(robin_bringup)
[1.373s] Level 1:colcon.colcon_core.environment:checking '/home/jun/ros2_jazzy/src/install/robin_bringup' for CMake module files
[1.373s] Level 1:colcon.colcon_core.environment:checking '/home/jun/ros2_jazzy/src/install/robin_bringup' for CMake config files
[1.373s] Level 1:colcon.colcon_core.shell:create_environment_hook('robin_bringup', 'cmake_prefix_path')
[1.373s] INFO:colcon.colcon_core.shell:Creating environment hook '/home/jun/ros2_jazzy/src/install/robin_bringup/share/robin_bringup/hook/cmake_prefix_path.ps1'
[1.374s] INFO:colcon.colcon_core.shell:Creating environment descriptor '/home/jun/ros2_jazzy/src/install/robin_bringup/share/robin_bringup/hook/cmake_prefix_path.dsv'
[1.374s] INFO:colcon.colcon_core.shell:Creating environment hook '/home/jun/ros2_jazzy/src/install/robin_bringup/share/robin_bringup/hook/cmake_prefix_path.sh'
[1.374s] Level 1:colcon.colcon_core.environment:checking '/home/jun/ros2_jazzy/src/install/robin_bringup/bin'
[1.374s] Level 1:colcon.colcon_core.environment:checking '/home/jun/ros2_jazzy/src/install/robin_bringup/lib/pkgconfig/robin_bringup.pc'
[1.375s] Level 1:colcon.colcon_core.environment:checking '/home/jun/ros2_jazzy/src/install/robin_bringup/lib/python3.12/site-packages'
[1.375s] Level 1:colcon.colcon_core.environment:checking '/home/jun/ros2_jazzy/src/install/robin_bringup/bin'
[1.375s] INFO:colcon.colcon_core.shell:Creating package script '/home/jun/ros2_jazzy/src/install/robin_bringup/share/robin_bringup/package.ps1'
[1.375s] INFO:colcon.colcon_core.shell:Creating package descriptor '/home/jun/ros2_jazzy/src/install/robin_bringup/share/robin_bringup/package.dsv'
[1.376s] INFO:colcon.colcon_core.shell:Creating package script '/home/jun/ros2_jazzy/src/install/robin_bringup/share/robin_bringup/package.sh'
[1.376s] INFO:colcon.colcon_core.shell:Creating package script '/home/jun/ros2_jazzy/src/install/robin_bringup/share/robin_bringup/package.bash'
[1.376s] INFO:colcon.colcon_core.shell:Creating package script '/home/jun/ros2_jazzy/src/install/robin_bringup/share/robin_bringup/package.zsh'
[1.377s] Level 1:colcon.colcon_core.environment:create_file_with_runtime_dependencies(/home/jun/ros2_jazzy/src/install/robin_bringup/share/colcon-core/packages/robin_bringup)
[1.602s] DEBUG:colcon.colcon_core.event_handler.log_command:Invoked command in '/home/jun/ros2_jazzy/src/build/robin_description' returned '0': CMAKE_PREFIX_PATH=${CMAKE_PREFIX_PATH}:/home/jun/ros2_jazzy/install/simple_mover:/opt/ros/jazzy DEBUGINFOD_URLS=https://debuginfod.ubuntu.com /usr/bin/cmake --build /home/jun/ros2_jazzy/src/build/robin_description -- -j12 -l12
[1.603s] DEBUG:colcon.colcon_core.event_handler.log_command:Invoking command in '/home/jun/ros2_jazzy/src/build/robin_description': CMAKE_PREFIX_PATH=${CMAKE_PREFIX_PATH}:/home/jun/ros2_jazzy/install/simple_mover:/opt/ros/jazzy DEBUGINFOD_URLS=https://debuginfod.ubuntu.com /usr/bin/cmake --install /home/jun/ros2_jazzy/src/build/robin_description
[1.619s] Level 1:colcon.colcon_core.environment:create_environment_scripts_only(robin_description)
[1.619s] Level 1:colcon.colcon_core.environment:checking '/home/jun/ros2_jazzy/src/install/robin_description' for CMake module files
[1.619s] DEBUG:colcon.colcon_core.event_handler.log_command:Invoked command in '/home/jun/ros2_jazzy/src/build/robin_description' returned '0': CMAKE_PREFIX_PATH=${CMAKE_PREFIX_PATH}:/home/jun/ros2_jazzy/install/simple_mover:/opt/ros/jazzy DEBUGINFOD_URLS=https://debuginfod.ubuntu.com /usr/bin/cmake --install /home/jun/ros2_jazzy/src/build/robin_description
[1.620s] Level 1:colcon.colcon_core.environment:checking '/home/jun/ros2_jazzy/src/install/robin_description' for CMake config files
[1.620s] Level 1:colcon.colcon_core.shell:create_environment_hook('robin_description', 'cmake_prefix_path')
[1.620s] INFO:colcon.colcon_core.shell:Creating environment hook '/home/jun/ros2_jazzy/src/install/robin_description/share/robin_description/hook/cmake_prefix_path.ps1'
[1.620s] INFO:colcon.colcon_core.shell:Creating environment descriptor '/home/jun/ros2_jazzy/src/install/robin_description/share/robin_description/hook/cmake_prefix_path.dsv'
[1.621s] INFO:colcon.colcon_core.shell:Creating environment hook '/home/jun/ros2_jazzy/src/install/robin_description/share/robin_description/hook/cmake_prefix_path.sh'
[1.621s] Level 1:colcon.colcon_core.environment:checking '/home/jun/ros2_jazzy/src/install/robin_description/bin'
[1.621s] Level 1:colcon.colcon_core.environment:checking '/home/jun/ros2_jazzy/src/install/robin_description/lib/pkgconfig/robin_description.pc'
[1.621s] Level 1:colcon.colcon_core.environment:checking '/home/jun/ros2_jazzy/src/install/robin_description/lib/python3.12/site-packages'
[1.622s] Level 1:colcon.colcon_core.environment:checking '/home/jun/ros2_jazzy/src/install/robin_description/bin'
[1.622s] INFO:colcon.colcon_core.shell:Creating package script '/home/jun/ros2_jazzy/src/install/robin_description/share/robin_description/package.ps1'
[1.622s] INFO:colcon.colcon_core.shell:Creating package descriptor '/home/jun/ros2_jazzy/src/install/robin_description/share/robin_description/package.dsv'
[1.622s] INFO:colcon.colcon_core.shell:Creating package script '/home/jun/ros2_jazzy/src/install/robin_description/share/robin_description/package.sh'
[1.623s] INFO:colcon.colcon_core.shell:Creating package script '/home/jun/ros2_jazzy/src/install/robin_description/share/robin_description/package.bash'
[1.623s] INFO:colcon.colcon_core.shell:Creating package script '/home/jun/ros2_jazzy/src/install/robin_description/share/robin_description/package.zsh'
[1.623s] Level 1:colcon.colcon_core.environment:create_file_with_runtime_dependencies(/home/jun/ros2_jazzy/src/install/robin_description/share/colcon-core/packages/robin_description)
[1.624s] Level 1:colcon.colcon_core.environment:create_environment_scripts_only(robin_description)
[1.624s] Level 1:colcon.colcon_core.environment:checking '/home/jun/ros2_jazzy/src/install/robin_description' for CMake module files
[1.624s] Level 1:colcon.colcon_core.environment:checking '/home/jun/ros2_jazzy/src/install/robin_description' for CMake config files
[1.625s] Level 1:colcon.colcon_core.shell:create_environment_hook('robin_description', 'cmake_prefix_path')
[1.625s] INFO:colcon.colcon_core.shell:Creating environment hook '/home/jun/ros2_jazzy/src/install/robin_description/share/robin_description/hook/cmake_prefix_path.ps1'
[1.625s] INFO:colcon.colcon_core.shell:Creating environment descriptor '/home/jun/ros2_jazzy/src/install/robin_description/share/robin_description/hook/cmake_prefix_path.dsv'
[1.625s] INFO:colcon.colcon_core.shell:Creating environment hook '/home/jun/ros2_jazzy/src/install/robin_description/share/robin_description/hook/cmake_prefix_path.sh'
[1.626s] Level 1:colcon.colcon_core.environment:checking '/home/jun/ros2_jazzy/src/install/robin_description/bin'
[1.626s] Level 1:colcon.colcon_core.environment:checking '/home/jun/ros2_jazzy/src/install/robin_description/lib/pkgconfig/robin_description.pc'
[1.626s] Level 1:colcon.colcon_core.environment:checking '/home/jun/ros2_jazzy/src/install/robin_description/lib/python3.12/site-packages'
[1.626s] Level 1:colcon.colcon_core.environment:checking '/home/jun/ros2_jazzy/src/install/robin_description/bin'
[1.626s] INFO:colcon.colcon_core.shell:Creating package script '/home/jun/ros2_jazzy/src/install/robin_description/share/robin_description/package.ps1'
[1.627s] INFO:colcon.colcon_core.shell:Creating package descriptor '/home/jun/ros2_jazzy/src/install/robin_description/share/robin_description/package.dsv'
[1.627s] INFO:colcon.colcon_core.shell:Creating package script '/home/jun/ros2_jazzy/src/install/robin_description/share/robin_description/package.sh'
[1.627s] INFO:colcon.colcon_core.shell:Creating package script '/home/jun/ros2_jazzy/src/install/robin_description/share/robin_description/package.bash'
[1.628s] INFO:colcon.colcon_core.shell:Creating package script '/home/jun/ros2_jazzy/src/install/robin_description/share/robin_description/package.zsh'
[1.628s] Level 1:colcon.colcon_core.environment:create_file_with_runtime_dependencies(/home/jun/ros2_jazzy/src/install/robin_description/share/colcon-core/packages/robin_description)
[1.840s] Level 1:colcon.colcon_core.environment:checking '/home/jun/ros2_jazzy/src/install/simple_mover' for CMake module files
[1.841s] DEBUG:colcon.colcon_core.event_handler.log_command:Invoked command in '/home/jun/ros2_jazzy/src/simple_mover' returned '0': DEBUGINFOD_URLS=https://debuginfod.ubuntu.com PYTHONPATH=/home/jun/ros2_jazzy/src/build/simple_mover/prefix_override:/usr/lib/python3/dist-packages/colcon_core/task/python/colcon_distutils_commands:/home/jun/ros2_jazzy/src/install/simple_mover/lib/python3.12/site-packages:${PYTHONPATH} /usr/bin/python3 -W ignore:setup.py install is deprecated -W ignore:easy_install command is deprecated setup.py egg_info --egg-base ../build/simple_mover build --build-base /home/jun/ros2_jazzy/src/build/simple_mover/build install --record /home/jun/ros2_jazzy/src/build/simple_mover/install.log --install-scripts $base/lib/simple_mover --single-version-externally-managed install_data
[1.841s] Level 1:colcon.colcon_core.environment:checking '/home/jun/ros2_jazzy/src/install/simple_mover' for CMake config files
[1.842s] Level 1:colcon.colcon_core.environment:checking '/home/jun/ros2_jazzy/src/install/simple_mover/lib'
[1.842s] Level 1:colcon.colcon_core.environment:checking '/home/jun/ros2_jazzy/src/install/simple_mover/bin'
[1.842s] Level 1:colcon.colcon_core.environment:checking '/home/jun/ros2_jazzy/src/install/simple_mover/lib/pkgconfig/simple_mover.pc'
[1.842s] Level 1:colcon.colcon_core.environment:checking '/home/jun/ros2_jazzy/src/install/simple_mover/lib/python3.12/site-packages'
[1.842s] Level 1:colcon.colcon_core.shell:create_environment_hook('simple_mover', 'pythonpath')
[1.842s] INFO:colcon.colcon_core.shell:Creating environment hook '/home/jun/ros2_jazzy/src/install/simple_mover/share/simple_mover/hook/pythonpath.ps1'
[1.843s] INFO:colcon.colcon_core.shell:Creating environment descriptor '/home/jun/ros2_jazzy/src/install/simple_mover/share/simple_mover/hook/pythonpath.dsv'
[1.843s] INFO:colcon.colcon_core.shell:Creating environment hook '/home/jun/ros2_jazzy/src/install/simple_mover/share/simple_mover/hook/pythonpath.sh'
[1.843s] Level 1:colcon.colcon_core.environment:checking '/home/jun/ros2_jazzy/src/install/simple_mover/bin'
[1.843s] Level 1:colcon.colcon_core.environment:create_environment_scripts_only(simple_mover)
[1.844s] INFO:colcon.colcon_core.shell:Creating package script '/home/jun/ros2_jazzy/src/install/simple_mover/share/simple_mover/package.ps1'
[1.844s] INFO:colcon.colcon_core.shell:Creating package descriptor '/home/jun/ros2_jazzy/src/install/simple_mover/share/simple_mover/package.dsv'
[1.844s] INFO:colcon.colcon_core.shell:Creating package script '/home/jun/ros2_jazzy/src/install/simple_mover/share/simple_mover/package.sh'
[1.845s] INFO:colcon.colcon_core.shell:Creating package script '/home/jun/ros2_jazzy/src/install/simple_mover/share/simple_mover/package.bash'
[1.845s] INFO:colcon.colcon_core.shell:Creating package script '/home/jun/ros2_jazzy/src/install/simple_mover/share/simple_mover/package.zsh'
[1.845s] Level 1:colcon.colcon_core.environment:create_file_with_runtime_dependencies(/home/jun/ros2_jazzy/src/install/simple_mover/share/colcon-core/packages/simple_mover)
[1.845s] DEBUG:colcon.colcon_parallel_executor.executor.parallel:closing loop
[1.846s] DEBUG:colcon.colcon_parallel_executor.executor.parallel:loop closed
[1.846s] DEBUG:colcon.colcon_parallel_executor.executor.parallel:run_until_complete finished with '0'
[1.846s] DEBUG:colcon.colcon_core.event_reactor:joining thread
[1.854s] INFO:colcon.colcon_core.plugin_system:Skipping extension 'colcon_notification.desktop_notification.terminal_notifier': Not used on non-Darwin systems
[1.854s] INFO:colcon.colcon_core.plugin_system:Skipping extension 'colcon_notification.desktop_notification.win32': Not used on non-Windows systems
[1.854s] INFO:colcon.colcon_notification.desktop_notification:Sending desktop notification using 'notify2'
[1.866s] DEBUG:colcon.colcon_core.event_reactor:joined thread
[1.866s] INFO:colcon.colcon_core.shell:Creating prefix script '/home/jun/ros2_jazzy/src/install/local_setup.ps1'
[1.867s] INFO:colcon.colcon_core.shell:Creating prefix util module '/home/jun/ros2_jazzy/src/install/_local_setup_util_ps1.py'
[1.869s] INFO:colcon.colcon_core.shell:Creating prefix chain script '/home/jun/ros2_jazzy/src/install/setup.ps1'
[1.870s] INFO:colcon.colcon_core.shell:Creating prefix script '/home/jun/ros2_jazzy/src/install/local_setup.sh'
[1.871s] INFO:colcon.colcon_core.shell:Creating prefix util module '/home/jun/ros2_jazzy/src/install/_local_setup_util_sh.py'
[1.871s] INFO:colcon.colcon_core.shell:Creating prefix chain script '/home/jun/ros2_jazzy/src/install/setup.sh'
[1.873s] INFO:colcon.colcon_core.shell:Creating prefix script '/home/jun/ros2_jazzy/src/install/local_setup.bash'
[1.873s] INFO:colcon.colcon_core.shell:Creating prefix chain script '/home/jun/ros2_jazzy/src/install/setup.bash'
[1.874s] INFO:colcon.colcon_core.shell:Creating prefix script '/home/jun/ros2_jazzy/src/install/local_setup.zsh'
[1.875s] INFO:colcon.colcon_core.shell:Creating prefix chain script '/home/jun/ros2_jazzy/src/install/setup.zsh'
