-- Install configuration: ""
-- Up-to-date: /home/jun/ros2_jazzy/src/install/robin_bringup/share/robin_bringup//launch
-- Up-to-date: /home/jun/ros2_jazzy/src/install/robin_bringup/share/robin_bringup//launch/my_robot_gazebo.launch.xml
-- Up-to-date: /home/jun/ros2_jazzy/src/install/robin_bringup/share/robin_bringup//launch/my_robot_gazebo.launch.py
-- Up-to-date: /home/jun/ros2_jazzy/src/install/robin_bringup/share/robin_bringup//config
-- Up-to-date: /home/jun/ros2_jazzy/src/install/robin_bringup/share/robin_bringup//config/gazebo_bridge.yaml
-- Up-to-date: /home/jun/ros2_jazzy/src/install/robin_bringup/share/robin_bringup//worlds
-- Up-to-date: /home/jun/ros2_jazzy/src/install/robin_bringup/share/ament_index/resource_index/package_run_dependencies/robin_bringup
-- Up-to-date: /home/jun/ros2_jazzy/src/install/robin_bringup/share/ament_index/resource_index/parent_prefix_path/robin_bringup
-- Up-to-date: /home/jun/ros2_jazzy/src/install/robin_bringup/share/robin_bringup/environment/ament_prefix_path.sh
-- Up-to-date: /home/jun/ros2_jazzy/src/install/robin_bringup/share/robin_bringup/environment/ament_prefix_path.dsv
-- Up-to-date: /home/jun/ros2_jazzy/src/install/robin_bringup/share/robin_bringup/environment/path.sh
-- Up-to-date: /home/jun/ros2_jazzy/src/install/robin_bringup/share/robin_bringup/environment/path.dsv
-- Up-to-date: /home/jun/ros2_jazzy/src/install/robin_bringup/share/robin_bringup/local_setup.bash
-- Up-to-date: /home/jun/ros2_jazzy/src/install/robin_bringup/share/robin_bringup/local_setup.sh
-- Up-to-date: /home/jun/ros2_jazzy/src/install/robin_bringup/share/robin_bringup/local_setup.zsh
-- Up-to-date: /home/jun/ros2_jazzy/src/install/robin_bringup/share/robin_bringup/local_setup.dsv
-- Up-to-date: /home/jun/ros2_jazzy/src/install/robin_bringup/share/robin_bringup/package.dsv
-- Up-to-date: /home/jun/ros2_jazzy/src/install/robin_bringup/share/ament_index/resource_index/packages/robin_bringup
-- Up-to-date: /home/jun/ros2_jazzy/src/install/robin_bringup/share/robin_bringup/cmake/robin_bringupConfig.cmake
-- Up-to-date: /home/jun/ros2_jazzy/src/install/robin_bringup/share/robin_bringup/cmake/robin_bringupConfig-version.cmake
-- Up-to-date: /home/jun/ros2_jazzy/src/install/robin_bringup/share/robin_bringup/package.xml
