[0.026s] Invoking command in '/home/jun/ros2_jazzy/src/build/robin_bringup': CMAKE_PREFIX_PATH=${CMAKE_PREFIX_PATH}:/home/jun/ros2_jazzy/install/simple_mover:/opt/ros/jazzy DEBUGINFOD_URLS=https://debuginfod.ubuntu.com /usr/bin/cmake --build /home/jun/ros2_jazzy/src/build/robin_bringup -- -j12 -l12
[0.280s] Invoked command in '/home/jun/ros2_jazzy/src/build/robin_bringup' returned '0': CMAKE_PREFIX_PATH=${CMAKE_PREFIX_PATH}:/home/jun/ros2_jazzy/install/simple_mover:/opt/ros/jazzy DEBUGINFOD_URLS=https://debuginfod.ubuntu.com /usr/bin/cmake --build /home/jun/ros2_jazzy/src/build/robin_bringup -- -j12 -l12
[0.295s] Invoking command in '/home/jun/ros2_jazzy/src/build/robin_bringup': CMAKE_PREFIX_PATH=${CMAKE_PREFIX_PATH}:/home/jun/ros2_jazzy/install/simple_mover:/opt/ros/jazzy DEBUGINFOD_URLS=https://debuginfod.ubuntu.com /usr/bin/cmake --install /home/jun/ros2_jazzy/src/build/robin_bringup
[0.307s] -- Install configuration: ""
[0.307s] -- Up-to-date: /home/jun/ros2_jazzy/src/install/robin_bringup/share/robin_bringup//launch
[0.308s] -- Up-to-date: /home/jun/ros2_jazzy/src/install/robin_bringup/share/robin_bringup//launch/my_robot_gazebo.launch.xml
[0.308s] -- Up-to-date: /home/jun/ros2_jazzy/src/install/robin_bringup/share/robin_bringup//launch/my_robot_gazebo.launch.py
[0.308s] -- Up-to-date: /home/jun/ros2_jazzy/src/install/robin_bringup/share/robin_bringup//config
[0.308s] -- Up-to-date: /home/jun/ros2_jazzy/src/install/robin_bringup/share/robin_bringup//config/gazebo_bridge.yaml
[0.308s] -- Up-to-date: /home/jun/ros2_jazzy/src/install/robin_bringup/share/robin_bringup//worlds
[0.309s] -- Up-to-date: /home/jun/ros2_jazzy/src/install/robin_bringup/share/ament_index/resource_index/package_run_dependencies/robin_bringup
[0.309s] -- Up-to-date: /home/jun/ros2_jazzy/src/install/robin_bringup/share/ament_index/resource_index/parent_prefix_path/robin_bringup
[0.309s] -- Up-to-date: /home/jun/ros2_jazzy/src/install/robin_bringup/share/robin_bringup/environment/ament_prefix_path.sh
[0.309s] -- Up-to-date: /home/jun/ros2_jazzy/src/install/robin_bringup/share/robin_bringup/environment/ament_prefix_path.dsv
[0.309s] -- Up-to-date: /home/jun/ros2_jazzy/src/install/robin_bringup/share/robin_bringup/environment/path.sh
[0.309s] -- Up-to-date: /home/jun/ros2_jazzy/src/install/robin_bringup/share/robin_bringup/environment/path.dsv
[0.309s] -- Up-to-date: /home/jun/ros2_jazzy/src/install/robin_bringup/share/robin_bringup/local_setup.bash
[0.309s] -- Up-to-date: /home/jun/ros2_jazzy/src/install/robin_bringup/share/robin_bringup/local_setup.sh
[0.309s] -- Up-to-date: /home/jun/ros2_jazzy/src/install/robin_bringup/share/robin_bringup/local_setup.zsh
[0.310s] -- Up-to-date: /home/jun/ros2_jazzy/src/install/robin_bringup/share/robin_bringup/local_setup.dsv
[0.310s] -- Up-to-date: /home/jun/ros2_jazzy/src/install/robin_bringup/share/robin_bringup/package.dsv
[0.310s] -- Up-to-date: /home/jun/ros2_jazzy/src/install/robin_bringup/share/ament_index/resource_index/packages/robin_bringup
[0.310s] -- Up-to-date: /home/jun/ros2_jazzy/src/install/robin_bringup/share/robin_bringup/cmake/robin_bringupConfig.cmake
[0.310s] -- Up-to-date: /home/jun/ros2_jazzy/src/install/robin_bringup/share/robin_bringup/cmake/robin_bringupConfig-version.cmake
[0.310s] -- Up-to-date: /home/jun/ros2_jazzy/src/install/robin_bringup/share/robin_bringup/package.xml
[0.311s] Invoked command in '/home/jun/ros2_jazzy/src/build/robin_bringup' returned '0': CMAKE_PREFIX_PATH=${CMAKE_PREFIX_PATH}:/home/jun/ros2_jazzy/install/simple_mover:/opt/ros/jazzy DEBUGINFOD_URLS=https://debuginfod.ubuntu.com /usr/bin/cmake --install /home/jun/ros2_jazzy/src/build/robin_bringup
