/home/jun/ros2_jazzy/src/install/simple_mover/lib/python3.12/site-packages/simple_mover/mover_node.py
/home/jun/ros2_jazzy/src/install/simple_mover/lib/python3.12/site-packages/simple_mover/inverse_kinematic_node.py
/home/jun/ros2_jazzy/src/install/simple_mover/lib/python3.12/site-packages/simple_mover/__init__.py
/home/jun/ros2_jazzy/src/install/simple_mover/lib/python3.12/site-packages/simple_mover/forward_kinematic_node.py
/home/jun/ros2_jazzy/src/install/simple_mover/lib/python3.12/site-packages/simple_mover/__pycache__/mover_node.cpython-312.pyc
/home/jun/ros2_jazzy/src/install/simple_mover/lib/python3.12/site-packages/simple_mover/__pycache__/inverse_kinematic_node.cpython-312.pyc
/home/jun/ros2_jazzy/src/install/simple_mover/lib/python3.12/site-packages/simple_mover/__pycache__/__init__.cpython-312.pyc
/home/jun/ros2_jazzy/src/install/simple_mover/lib/python3.12/site-packages/simple_mover/__pycache__/forward_kinematic_node.cpython-312.pyc
/home/jun/ros2_jazzy/src/install/simple_mover/share/ament_index/resource_index/packages/simple_mover
/home/jun/ros2_jazzy/src/install/simple_mover/share/simple_mover/package.xml
/home/jun/ros2_jazzy/src/install/simple_mover/lib/python3.12/site-packages/simple_mover-0.0.0-py3.12.egg-info/entry_points.txt
/home/jun/ros2_jazzy/src/install/simple_mover/lib/python3.12/site-packages/simple_mover-0.0.0-py3.12.egg-info/dependency_links.txt
/home/jun/ros2_jazzy/src/install/simple_mover/lib/python3.12/site-packages/simple_mover-0.0.0-py3.12.egg-info/top_level.txt
/home/jun/ros2_jazzy/src/install/simple_mover/lib/python3.12/site-packages/simple_mover-0.0.0-py3.12.egg-info/SOURCES.txt
/home/jun/ros2_jazzy/src/install/simple_mover/lib/python3.12/site-packages/simple_mover-0.0.0-py3.12.egg-info/requires.txt
/home/jun/ros2_jazzy/src/install/simple_mover/lib/python3.12/site-packages/simple_mover-0.0.0-py3.12.egg-info/PKG-INFO
/home/jun/ros2_jazzy/src/install/simple_mover/lib/python3.12/site-packages/simple_mover-0.0.0-py3.12.egg-info/zip-safe
/home/jun/ros2_jazzy/src/install/simple_mover/lib/simple_mover/forward_kinematic_node
/home/jun/ros2_jazzy/src/install/simple_mover/lib/simple_mover/inverse_kinematic_node
/home/jun/ros2_jazzy/src/install/simple_mover/lib/simple_mover/mover_node
